2026-01-25 17:01:14.137  1668-1791  libbinder....hreadState system_server                        W  Sending oneway calls to frozen process.
2026-01-25 17:01:14.137  1668-1791  libbinder....hreadState system_server                        W  Sending oneway calls to frozen process.
2026-01-25 17:01:14.137  1668-1791  libbinder....hreadState system_server                        W  Sending oneway calls to frozen process.
2026-01-25 17:01:14.137  1668-1791  libbinder....hreadState system_server                        W  Sending oneway calls to frozen process.
2026-01-25 17:01:14.137  1668-1791  libbinder....hreadState system_server                        W  Sending oneway calls to frozen process.
2026-01-25 17:01:14.137  1668-1791  libbinder....hreadState system_server                        W  Sending oneway calls to frozen process.
2026-01-25 17:01:14.137  1668-1791  libbinder....hreadState system_server                        W  Sending oneway calls to frozen process.
2026-01-25 17:01:14.137  1668-1791  libbinder....hreadState system_server                        W  Sending oneway calls to frozen process.
2026-01-25 17:01:14.137  1668-1791  libbinder....hreadState system_server                        W  Sending oneway calls to frozen process.
2026-01-25 17:01:14.137  1668-1791  libbinder....hreadState system_server                        W  Sending oneway calls to frozen process.
2026-01-25 17:01:14.137  1668-1791  libbinder....hreadState system_server                        W  Sending oneway calls to frozen process.
2026-01-25 17:01:14.137  1668-1791  libbinder....hreadState system_server                        W  Sending oneway calls to frozen process.
2026-01-25 17:01:14.137  1668-1791  libbinder....hreadState system_server                        W  Sending oneway calls to frozen process.
2026-01-25 17:01:14.137  1668-1791  libbinder....hreadState system_server                        W  Sending oneway calls to frozen process.
2026-01-25 17:01:14.138  1668-1791  libbinder....hreadState system_server                        W  Sending oneway calls to frozen process.
2026-01-25 17:01:14.138  1668-1791  libbinder....hreadState system_server                        W  Sending oneway calls to frozen process.
2026-01-25 17:01:14.138  1668-1791  libbinder....hreadState system_server                        W  Sending oneway calls to frozen process.
2026-01-25 17:01:14.138  1668-1791  libbinder....hreadState system_server                        W  Sending oneway calls to frozen process.
2026-01-25 17:01:14.138  1668-1791  libbinder....hreadState system_server                        W  Sending oneway calls to frozen process.
2026-01-25 17:01:14.138  1668-1791  libbinder....hreadState system_server                        W  Sending oneway calls to frozen process.
2026-01-25 17:01:14.138  1668-1791  libbinder....hreadState system_server                        W  Sending oneway calls to frozen process.
2026-01-25 17:01:14.138  1668-2748  Background...rolService system_server                        D  Package event received: 0
2026-01-25 17:01:14.138  1668-1791  libbinder....hreadState system_server                        W  Sending oneway calls to frozen process.
2026-01-25 17:01:14.138  1668-1791  libbinder....hreadState system_server                        W  Sending oneway calls to frozen process.
2026-01-25 17:01:14.138  1668-1791  libbinder....hreadState system_server                        W  Sending oneway calls to frozen process.
2026-01-25 17:01:14.138 29046-29046 b/311077782             com...le.android.apps.nexuslauncher  D  LauncherAnimationRunner.setAnimation
2026-01-25 17:01:14.138  1668-1791  libbinder....hreadState system_server                        W  Sending oneway calls to frozen process.
2026-01-25 17:01:14.138  1668-1791  libbinder....hreadState system_server                        W  Sending oneway calls to frozen process.
2026-01-25 17:01:14.138  1668-1791  libbinder....hreadState system_server                        W  Sending oneway calls to frozen process.
2026-01-25 17:01:14.138  1668-1791  libbinder....hreadState system_server                        W  Sending oneway calls to frozen process.
2026-01-25 17:01:14.138  1668-1791  libbinder....hreadState system_server                        W  Sending oneway calls to frozen process.
2026-01-25 17:01:14.139  1668-1791  libbinder....hreadState system_server                        W  Sending oneway calls to frozen process.
2026-01-25 17:01:14.139  1668-2748  Background...rolService system_server                        D  Package event received: 0
2026-01-25 17:01:14.139  1668-1791  libbinder....hreadState system_server                        W  Sending oneway calls to frozen process.
2026-01-25 17:01:14.139  1668-1791  libbinder....hreadState system_server                        W  Sending oneway calls to frozen process.
2026-01-25 17:01:14.139  1668-1791  libbinder....hreadState system_server                        W  Sending oneway calls to frozen process.
2026-01-25 17:01:14.139  1668-1791  libbinder....hreadState system_server                        W  Sending oneway calls to frozen process.
2026-01-25 17:01:14.139  1668-1791  libbinder....hreadState system_server                        W  Sending oneway calls to frozen process.
2026-01-25 17:01:14.139  1668-1791  libbinder....hreadState system_server                        W  Sending oneway calls to frozen process.
2026-01-25 17:01:14.139  1668-1791  libbinder....hreadState system_server                        W  Sending oneway calls to frozen process.
2026-01-25 17:01:14.139  1668-1791  libbinder....hreadState system_server                        W  Sending oneway calls to frozen process.
2026-01-25 17:01:14.139  1668-1791  libbinder....hreadState system_server                        W  Sending oneway calls to frozen process.
2026-01-25 17:01:14.139  1668-1791  libbinder....hreadState system_server                        W  Sending oneway calls to frozen process.
2026-01-25 17:01:14.139  1668-1791  libbinder....hreadState system_server                        W  Sending oneway calls to frozen process.
2026-01-25 17:01:14.139  1668-1791  libbinder....hreadState system_server                        W  Sending oneway calls to frozen process.
2026-01-25 17:01:14.139  1668-1791  libbinder....hreadState system_server                        W  Sending oneway calls to frozen process.
2026-01-25 17:01:14.139  1668-1791  libbinder....hreadState system_server                        W  Sending oneway calls to frozen process.
2026-01-25 17:01:14.139  1668-1791  libbinder....hreadState system_server                        W  Sending oneway calls to frozen process.
2026-01-25 17:01:14.139  1668-1791  libbinder....hreadState system_server                        W  Sending oneway calls to frozen process.
2026-01-25 17:01:14.139  1668-1791  libbinder....hreadState system_server                        W  Sending oneway calls to frozen process.
2026-01-25 17:01:14.139  1668-1791  libbinder....hreadState system_server                        W  Sending oneway calls to frozen process.
2026-01-25 17:01:14.139  1668-1791  libbinder....hreadState system_server                        W  Sending oneway calls to frozen process.
2026-01-25 17:01:14.139  1668-1791  libbinder....hreadState system_server                        W  Sending oneway calls to frozen process.
2026-01-25 17:01:14.139  1668-1791  libbinder....hreadState system_server                        W  Sending oneway calls to frozen process.
2026-01-25 17:01:14.139  1668-1791  libbinder....hreadState system_server                        W  Sending oneway calls to frozen process.
2026-01-25 17:01:14.139  1668-1791  libbinder....hreadState system_server                        W  Sending oneway calls to frozen process.
2026-01-25 17:01:14.139  1668-1791  libbinder....hreadState system_server                        W  Sending oneway calls to frozen process.
2026-01-25 17:01:14.139  1668-1791  libbinder....hreadState system_server                        W  Sending oneway calls to frozen process.
2026-01-25 17:01:14.139  1668-1791  libbinder....hreadState system_server                        W  Sending oneway calls to frozen process.
2026-01-25 17:01:14.140  1668-1791  libbinder....hreadState system_server                        W  Sending oneway calls to frozen process.
2026-01-25 17:01:14.140  1668-1791  libbinder....hreadState system_server                        W  Sending oneway calls to frozen process.
2026-01-25 17:01:14.140  1668-1791  libbinder....hreadState system_server                        W  Sending oneway calls to frozen process.
2026-01-25 17:01:14.140  1668-1791  libbinder....hreadState system_server                        W  Sending oneway calls to frozen process.
2026-01-25 17:01:14.140  1668-1791  libbinder....hreadState system_server                        W  Sending oneway calls to frozen process.
2026-01-25 17:01:14.140  1668-1791  libbinder....hreadState system_server                        W  Sending oneway calls to frozen process.
2026-01-25 17:01:14.140  1668-1791  libbinder....hreadState system_server                        W  Sending oneway calls to frozen process.
2026-01-25 17:01:14.140  1668-1791  libbinder....hreadState system_server                        W  Sending oneway calls to frozen process.
2026-01-25 17:01:14.140  1668-1791  libbinder....hreadState system_server                        W  Sending oneway calls to frozen process.
2026-01-25 17:01:14.140  1668-1791  libbinder....hreadState system_server                        W  Sending oneway calls to frozen process.
2026-01-25 17:01:14.144  1668-1791  libbinder....hreadState system_server                        W  Sending oneway calls to frozen process.
2026-01-25 17:01:14.144  1668-1791  ProcessStats            system_server                        W  Tracking association SourceState{1510a1a com.android.settings/1000 Service #7358464} whose proc state 8 is better than process ProcessState{7a39025 com.google.android.apps.wellbeing/10190 pkg=com.google.android.apps.wellbeing} proc state 15 (32 skipped)
2026-01-25 17:01:14.146   758-781   PowerSavingModeHandler  com....android.apps.pixel.dcservice  I  shouldSwitchCodecToLowPower, isPowerSaveMode=false
2026-01-25 17:01:14.146   758-781   PowerSavingModeHandler  com....android.apps.pixel.dcservice  I  maybeSwitchCodecForLeavingLowPower, no configured device
2026-01-25 17:01:14.146   758-781   PowerSavingModeHandler  com....android.apps.pixel.dcservice  I  maybeSwitchCodec completed
2026-01-25 17:01:14.150  1068-16209 AHal::Audi...Controller and...rdware.audio.service-aidl.aoc  I  ResetPath: mmap-playback-0 -> speaker: true
2026-01-25 17:01:14.150  1068-16209 AHal::Audi...Controller and...rdware.audio.service-aidl.aoc  I  ResetPath: speaker: true
2026-01-25 17:01:14.150  1068-16209 AHal::Speaker           and...rdware.audio.service-aidl.aoc  I  Disable: speaker
2026-01-25 17:01:14.151  1068-16209 AHal::Audi...Controller and...rdware.audio.service-aidl.aoc  I  ResetPath: hostless-ulC spk-vi: true
2026-01-25 17:01:14.151  1068-16209 AHal::Tiny...Operations and...rdware.audio.service-aidl.aoc  I  Stop: pcm_close card_index 0 device 15
2026-01-25 17:01:14.151  1068-16209 AHal::BatteryMitigation and...rdware.audio.service-aidl.aoc  I  UpdateState: Standby -> Idle
2026-01-25 17:01:14.151  1068-16209 AHal::Adap...uteControl and...rdware.audio.service-aidl.aoc  I  Update: update route from adapted-speaker to null
2026-01-25 17:01:14.152  1068-16209 AHal::Audi...Controller and...rdware.audio.service-aidl.aoc  I  ResetPath: adapted-speaker: true
2026-01-25 17:01:14.152  1068-16209 AHal::Router            and...rdware.audio.service-aidl.aoc  I  LogTransferring: Transferring (1):
2026-01-25 17:01:14.152  1068-16209 AHal::Router            and...rdware.audio.service-aidl.aoc  I  LogTransferring:   mmap-playback-0 -> speaker => (null)
2026-01-25 17:01:14.152  1068-16209 AHal::Play...emperature and...rdware.audio.service-aidl.aoc  I  Update Temperature: kOnce to kIdle
2026-01-25 17:01:14.152  1068-16209 AHal::Play...eakerPower and...rdware.audio.service-aidl.aoc  I  Update Speaker Power: kPolling to kIdle
2026-01-25 17:01:14.152  1068-16209 AHal::Play...eakerPower and...rdware.audio.service-aidl.aoc  I  Update: update atom SpeakerPowerAtom: speaker_0: {Average Power: 0 Duration (Second): 1} speaker_1: {Average Power: 0 Duration (Second): 1}
2026-01-25 17:01:14.152  1068-1973  AHal::Batt...ptiveAudio and...rdware.audio.service-aidl.aoc  I  ProcessPlaybackTunerControl: update playback tuner with Bypassed
2026-01-25 17:01:14.152  1068-16209 AHal::VoiceCall         and...rdware.audio.service-aidl.aoc  I  Update: reset echo reference device
2026-01-25 17:01:14.152  1068-16209 AHal::Router            and...rdware.audio.service-aidl.aoc  I  InvalidateLocked: ============ apply graph #77231 end ============
2026-01-25 17:01:14.152  1068-16209 ASvc::PeriodicWorker    and...rdware.audio.service-aidl.aoc  I  SetLinkedConfigIds: update linked configs []
2026-01-25 17:01:14.152  1068-16209 BTAudioSessionAidl      and...rdware.audio.service-aidl.aoc  D  UpdateSourceMetadata - SessionType=LE_AUDIO_HARDWARE_OFFLOAD_ENCODING_DATAPATH has NO session
2026-01-25 17:01:14.152  1068-16209 BTAudioSessionAidl      and...rdware.audio.service-aidl.aoc  D  UpdateSinkMetadata - SessionType=LE_AUDIO_HARDWARE_OFFLOAD_DECODING_DATAPATH has NO session
2026-01-25 17:01:14.152  1068-16209 AHal::Mmap...Operations and...rdware.audio.service-aidl.aoc  E  GetHardwarePosition: pcm_mmap_get_hw_ptr failed pcm_sync_ptr failed: File descriptor in bad state
2026-01-25 17:01:14.152  1668-2696  ConnectivityService     system_server                        D  NetReassign [no changes] [c 5] [a 1] [i 14]
2026-01-25 17:01:14.154  1068-1977  AHal::Cs35l43Codec      and...rdware.audio.service-aidl.aoc  I  skip health data provide
2026-01-25 17:01:14.156  1068-6189  ASvc::StreamOut         and...rdware.audio.service-aidl.aoc  I  setHwVolume (mmap-playback) : do not support HW volume control
2026-01-25 17:01:14.157  1143-16210 AAudioServ...dpointMMAP audioserver                          D  onVolumeChanged() volume = 0.000000
2026-01-25 17:01:14.157  1068-17947 AHal::UseCase           and...rdware.audio.service-aidl.aoc  D  SetActiveTracks: update mmap-playback active tracks(0)
2026-01-25 17:01:14.157  1068-17947 BTAudioSessionAidl      and...rdware.audio.service-aidl.aoc  D  UpdateSourceMetadata - SessionType=LE_AUDIO_HARDWARE_OFFLOAD_ENCODING_DATAPATH has NO session
2026-01-25 17:01:14.157  1068-17947 BTAudioSessionAidl      and...rdware.audio.service-aidl.aoc  D  GetSupportedLatencyModes - SessionType=LE_AUDIO_HARDWARE_OFFLOAD_ENCODING_DATAPATH has NO session
2026-01-25 17:01:14.157  1068-17947 BTAudioSessionAidl      and...rdware.audio.service-aidl.aoc  D  SetLatencyMode - SessionType=LE_AUDIO_HARDWARE_OFFLOAD_ENCODING_DATAPATH has NO session
2026-01-25 17:01:14.157  1068-17947 BTAudioSessionAidl      and...rdware.audio.service-aidl.aoc  D  GetSupportedLatencyModes - SessionType=A2DP_HARDWARE_OFFLOAD_ENCODING_DATAPATH has NO session
2026-01-25 17:01:14.157  1068-17947 BTAudioSessionAidl      and...rdware.audio.service-aidl.aoc  D  SetLatencyMode - SessionType=A2DP_HARDWARE_OFFLOAD_ENCODING_DATAPATH has NO session
2026-01-25 17:01:14.157 29046-29046 ImeBackDispatcher       com...le.android.apps.nexuslauncher  D  switch root view (mImeCallbacks.size=0)
2026-01-25 17:01:14.157 29046-29046 BaseActivity            com...le.android.apps.nexuslauncher  D  Launcher flags updated: [state_started|state_resumed|state_deferred_resumed|state_window_focused|state_user_active] +[state_window_focused]
2026-01-25 17:01:14.158  1143-16215 AudioStrea...al_Service audioserver                          D  onEventFromServer - AAUDIO_SERVICE_EVENT_VOLUME 0.000000
2026-01-25 17:01:14.158  1143-16215 AudioStrea...ay_Service audioserver                          D  doSetVolume() mStreamVolume * duckAndMuteVolume = 0.000000 * 1.000000 = 0.000000
2026-01-25 17:01:14.159  1143-16211 AAudioServ...dpointMMAP audioserver                          D  stopClient(52811): returning 0
2026-01-25 17:01:14.159  1068-16209 AHal::Mmap...Operations and...rdware.audio.service-aidl.aoc  E  GetHardwarePosition: pcm_mmap_get_hw_ptr failed pcm_sync_ptr failed: File descriptor in bad state
2026-01-25 17:01:14.159  1143-16211 StreamHalAidl           audioserver                          W  [out|ioHandle:11117] getHardwarePosition: No position was reported by the HAL
2026-01-25 17:01:14.159  1143-16211 StreamHalAidl           audioserver                          E  Function: getMmapPosition Line: 782 Failed
2026-01-25 17:01:14.159  1143-16211 AAudioServ...dpointMMAP audioserver                          W  getFreeRunningPosition(): change INVALID_OPERATION to NOT_ENOUGH_DATA
2026-01-25 17:01:14.159  1143-16211 AAudioServ...dpointMMAP audioserver                          W  getFreeRunningPosition(): getMmapPosition() has no position data available
2026-01-25 17:01:14.159  1143-16211 StreamHalAidl           audioserver                          W  [out|ioHandle:11117] getHardwarePosition: No position was reported by the HAL
2026-01-25 17:01:14.159  1143-16211 StreamHalAidl           audioserver                          E  Function: getMmapPosition Line: 782 Failed
2026-01-25 17:01:14.159  1143-16211 AAudioServ...dpointMMAP audioserver                          W  getFreeRunningPosition(): change INVALID_OPERATION to NOT_ENOUGH_DATA
2026-01-25 17:01:14.159  1143-16211 AAudioServ...dpointMMAP audioserver                          W  getFreeRunningPosition(): getMmapPosition() has no position data available
2026-01-25 17:01:14.161  1668-2596  ImeTracker              system_server                        I  com.google.android.apps.nexuslauncher:e6dd415e: onRequestHide at ORIGIN_SERVER reason HIDE_UNSPECIFIED_WINDOW fromUser false
2026-01-25 17:01:14.162 29046-29046 InsetsController        com...le.android.apps.nexuslauncher  D  hide(ime())
2026-01-25 17:01:14.162 29046-29046 ImeTracker              com...le.android.apps.nexuslauncher  I  com.google.android.apps.nexuslauncher:e6dd415e: onCancelled at PHASE_CLIENT_ALREADY_HIDDEN
2026-01-25 17:01:14.162  1143-16215 AAudioServ...dpointPlay audioserver                          D  callbackLoop() exiting, enabled = 0, state = 4, result = 96 <<<<<<<<<<<<< MIXER
2026-01-25 17:01:14.165  1143-16212 AAudioStream            audioserver                          D  joinThread_l() pthread_join succeeded
2026-01-25 17:01:14.165  1143-16212 AudioStrea...al_Service audioserver                          D  stopCallback_l() skipped, isDataCallbackSet() = 0, isActive() = 1, getState()  = 4
2026-01-25 17:01:14.168 21146-21146 GoogleInpu...hodService com...gle.android.inputmethod.latin  I  GoogleInputMethodService.onFinishInput():2092
2026-01-25 17:01:14.169 21146-21146 Module                  com...gle.android.inputmethod.latin  I  DeviceLockedStatusModuleProvider$Module.updateDeviceLockedStatus():103 repeatCheckTimes = 0, locked = false
2026-01-25 17:01:14.169 21146-21146 GoogleInpu...hodService com...gle.android.inputmethod.latin  I  GoogleInputMethodService.onStartInput():1349 onStartInput(EditorInfo{EditorInfo{packageName=com.google.android.apps.nexuslauncher, inputType=0, inputTypeString=NULL, enableLearning=false, autoCorrection=false, autoComplete=false, imeOptions=0, privateImeOptions=null, actionName=UNSPECIFIED, actionLabel=null, initialSelStart=-1, initialSelEnd=-1, initialCapsMode=0, label=null, fieldId=0, fieldName=null, extras=null, hintText=null, hintLocales=[]}}, false)
2026-01-25 17:01:14.169  1143-16212 AudioStrea...ay_Service audioserver                          D  prepareBuffersForStop() hardwareLatencyNanos = 2126053
2026-01-25 17:01:14.170  1668-2550  ImeTracker              system_server                        I  system_server:2d540b7c: onRequestHide at ORIGIN_SERVER reason IME_REQUESTED_CHANGED_LISTENER fromUser false
2026-01-25 17:01:14.170  1668-1791  ImeTracker              system_server                        I  system_server:2d540b7c: onCancelled at PHASE_SERVER_SHOULD_HIDE
2026-01-25 17:01:14.170 21146-21146 Module                  com...gle.android.inputmethod.latin  I  DeviceLockedStatusModuleProvider$Module.updateDeviceLockedStatus():103 repeatCheckTimes = 1, locked = false
2026-01-25 17:01:14.171  1668-2550  PackageConfigPersister  system_server                        W  App-specific configuration not found for packageName: com.google.android.apps.nexuslauncher and userId: 0
2026-01-25 17:01:14.174  1143-16212 IsochronousClockModel   audioserver                          D  stop(nanos = 2667250152118616) max lateness = 1115 micros, DSP stalled 0 times
2026-01-25 17:01:14.174  1143-16212 AAudioStream            audioserver                          D  setState(s#389) from 4 to 9
2026-01-25 17:01:14.174  1143-16211 AAudioServiceStreamBase audioserver                          D  run() got COMMAND opcode 2 after 3229 loops
2026-01-25 17:01:14.174  1143-16211 AAudioServ...dpointMMAP audioserver                          D  stopClient(52810): returning 0
2026-01-25 17:01:14.174  1143-16211 AAudioServ...dpointMMAP audioserver                          D  stopStream(0): called stopClient(52810=mPortHandle), returning 0
2026-01-25 17:01:14.174  1143-16212 AAudioServiceStreamBase audioserver                          W  writeUpMessageQueue(): Queue full. Did client stop? Suspending stream. what = 3, Shared
2026-01-25 17:01:14.174  1143-16212 AAudioStream            audioserver                          D  joinThread() - but has no thread or already join()ed
2026-01-25 17:01:14.174  1143-16212 AudioStrea...al_Service audioserver                          D  release_l(): mServiceStreamHandle = 0x00000401
2026-01-25 17:01:14.174  1143-16212 AAudioStream            audioserver                          D  setState(s#389) from 9 to 11
2026-01-25 17:01:14.174  1143-16211 AAudioServiceStreamBase audioserver                          D  run() got COMMAND opcode 4 after 3230 loops
2026-01-25 17:01:14.174  1143-16211 AAudioServ...dpointMMAP audioserver                          D  close_l() clear mMmapStream
2026-01-25 17:01:14.174  1143-16211 AudioFlinger            audioserver                          D  disconnect: localPortId = 52810
2026-01-25 17:01:14.177  1143-16210 DeviceHalAidl           audioserver                          D  [default] releaseAudioPatch: patch: 3914
2026-01-25 17:01:14.177  1143-16210 Hal2AidlMapper          audioserver                          D  [default] releaseAudioPatch: patchId 3914
2026-01-25 17:01:14.178  1068-6189  ASvc::Module            and...rdware.audio.service-aidl.aoc  I  resetAudioPatch: patch id = 3914
2026-01-25 17:01:14.178  1068-6189  AHal::Router            and...rdware.audio.service-aidl.aoc  I  InvalidateLocked: nothing change between graph #77231 and #77232
2026-01-25 17:01:14.178  1068-6189  BTAudioSessionAidl      and...rdware.audio.service-aidl.aoc  D  UpdateSourceMetadata - SessionType=LE_AUDIO_HARDWARE_OFFLOAD_ENCODING_DATAPATH has NO session
2026-01-25 17:01:14.178  1068-6189  BTAudioSessionAidl      and...rdware.audio.service-aidl.aoc  D  GetSupportedLatencyModes - SessionType=LE_AUDIO_HARDWARE_OFFLOAD_ENCODING_DATAPATH has NO session
2026-01-25 17:01:14.178  1068-6189  BTAudioSessionAidl      and...rdware.audio.service-aidl.aoc  D  SetLatencyMode - SessionType=LE_AUDIO_HARDWARE_OFFLOAD_ENCODING_DATAPATH has NO session
2026-01-25 17:01:14.178  1068-6189  BTAudioSessionAidl      and...rdware.audio.service-aidl.aoc  D  GetSupportedLatencyModes - SessionType=A2DP_HARDWARE_OFFLOAD_ENCODING_DATAPATH has NO session
2026-01-25 17:01:14.178  1068-6189  BTAudioSessionAidl      and...rdware.audio.service-aidl.aoc  D  SetLatencyMode - SessionType=A2DP_HARDWARE_OFFLOAD_ENCODING_DATAPATH has NO session
2026-01-25 17:01:14.182  1143-2374  AudioFlinger            audioserver                          D  closing mmapThread 0xb4000076ba96dda0
2026-01-25 17:01:14.182  1143-2374  libbinder....hreadState audioserver                          W  Sending oneway calls to frozen process.
2026-01-25 17:01:14.182  1143-2374  libbinder....hreadState audioserver                          W  Sending oneway calls to frozen process.
2026-01-25 17:01:14.182  1143-2374  libbinder....hreadState audioserver                          W  Sending oneway calls to frozen process.
2026-01-25 17:01:14.182  1143-2374  libbinder....hreadState audioserver                          W  Sending oneway calls to frozen process.
2026-01-25 17:01:14.182  1143-2374  libbinder....hreadState audioserver                          W  Sending oneway calls to frozen process.
2026-01-25 17:01:14.183  1143-2374  libbinder....hreadState audioserver                          W  Sending oneway calls to frozen process.
2026-01-25 17:01:14.183  1143-2374  libbinder....hreadState audioserver                          W  Sending oneway calls to frozen process.
2026-01-25 17:01:14.182 27517-28014 AiAiEcho                com.google.android.as                I  (REDACTED) Predicting[%d]: %s
2026-01-25 17:01:14.183  1143-2374  libbinder....hreadState audioserver                          W  Sending oneway calls to frozen process.
2026-01-25 17:01:14.183  1143-2374  libbinder....hreadState audioserver                          W  Sending oneway calls to frozen process.
2026-01-25 17:01:14.183  1143-2374  libbinder....hreadState audioserver                          W  Sending oneway calls to frozen process.
2026-01-25 17:01:14.183  1143-2374  AudioFlinger            audioserver                          D  mmapThread exit()
2026-01-25 17:01:14.183  1143-16210 StreamHalAidl           audioserver                          D  [out|ioHandle:11117] standby
2026-01-25 17:01:14.184  1068-16209 ASvc::CommandWorker     and...rdware.audio.service-aidl.aoc  I  cw-mmap-playback: Command{standby: Void{}} in StreamOutIdleState
2026-01-25 17:01:14.184  1068-16209 AHal::Mmap...Operations and...rdware.audio.service-aidl.aoc  E  GetHardwarePosition: pcm_mmap_get_hw_ptr failed pcm_sync_ptr failed: File descriptor in bad state
2026-01-25 17:01:14.184 27517-28014 AiAiEcho                com.google.android.as                I  (REDACTED) EchoTargets: %s
                                                                                                    Filtered by AiAi flag check: %s
2026-01-25 17:01:14.185  1143-2374  StreamHalAidl           audioserver                          D  [out|ioHandle:11117] ~StreamHalAidl
2026-01-25 17:01:14.185 27517-28014 AiAiEcho                com.google.android.as                I  (REDACTED) #weatherSubItemsTwiddler: Weather removes SubtitleSupplementalItem in surface: %s
2026-01-25 17:01:14.185  1068-17947 ASvc::StreamCommonImpl  and...rdware.audio.service-aidl.aoc  I  close (mmap-playback) : closing mmap-playback, on 404917
2026-01-25 17:01:14.185 27517-28014 AiAiEcho                com.google.android.as                I  #remoteViewsTwiddler: feature disabled.
2026-01-25 17:01:14.185  1068-16209 ASvc::CommandWorker     and...rdware.audio.service-aidl.aoc  I  cw-mmap-playback: exit command form HAL
2026-01-25 17:01:14.185  1068-16209 AUtl::Worker            and...rdware.audio.service-aidl.aoc  I  Loop: cw-mmap-playback thread exit
2026-01-25 17:01:14.186  1068-16208 AUtl::Worker            and...rdware.audio.service-aidl.aoc  I  Loop: pw-mmap-playback thread exit
2026-01-25 17:01:14.188 27517-28014 AiAiEcho                com.google.android.as                I  (REDACTED) %s No tracked ambient data found for ID: %s; for event type: %d, skipping event processing.
2026-01-25 17:01:14.188  1143-2374  libbinder....hreadState audioserver                          W  Sending oneway calls to frozen process.
2026-01-25 17:01:14.188  1143-2374  libbinder....hreadState audioserver                          W  Sending oneway calls to frozen process.
2026-01-25 17:01:14.188  1143-2374  libbinder....hreadState audioserver                          W  Sending oneway calls to frozen process.
2026-01-25 17:01:14.188  1143-2374  libbinder....hreadState audioserver                          W  Sending oneway calls to frozen process.
2026-01-25 17:01:14.188  1143-2374  libbinder....hreadState audioserver                          W  Sending oneway calls to frozen process.
2026-01-25 17:01:14.188  1143-2374  libbinder....hreadState audioserver                          W  Sending oneway calls to frozen process.
2026-01-25 17:01:14.188  1143-2374  libbinder....hreadState audioserver                          W  Sending oneway calls to frozen process.
2026-01-25 17:01:14.189  1143-2374  libbinder....hreadState audioserver                          W  Sending oneway calls to frozen process.
2026-01-25 17:01:14.189  1143-2374  libbinder....hreadState audioserver                          W  Sending oneway calls to frozen process.
2026-01-25 17:01:14.189  1143-2374  libbinder....hreadState audioserver                          W  Sending oneway calls to frozen process.
2026-01-25 17:01:14.189  1143-2374  libbinder....hreadState audioserver                          W  Sending oneway calls to frozen process.
2026-01-25 17:01:14.189  1143-2374  libbinder....hreadState audioserver                          W  Sending oneway calls to frozen process.
2026-01-25 17:01:14.189  1143-2374  libbinder....hreadState audioserver                          W  Sending oneway calls to frozen process.
2026-01-25 17:01:14.189  1143-2374  libbinder....hreadState audioserver                          W  Sending oneway calls to frozen process.
2026-01-25 17:01:14.189  1143-2374  libbinder....hreadState audioserver                          W  Sending oneway calls to frozen process.
2026-01-25 17:01:14.189  1143-2374  libbinder....hreadState audioserver                          W  Sending oneway calls to frozen process.
2026-01-25 17:01:14.189  1143-2374  libbinder....hreadState audioserver                          W  Sending oneway calls to frozen process.
2026-01-25 17:01:14.189  1143-2374  libbinder....hreadState audioserver                          W  Sending oneway calls to frozen process.
2026-01-25 17:01:14.189  1143-2374  libbinder....hreadState audioserver                          W  Sending oneway calls to frozen process.
2026-01-25 17:01:14.189  1143-2374  libbinder....hreadState audioserver                          W  Sending oneway calls to frozen process.
2026-01-25 17:01:14.189  1143-2374  libbinder....hreadState audioserver                          W  Sending oneway calls to frozen process.
2026-01-25 17:01:14.189  1143-2374  libbinder....hreadState audioserver                          W  Sending oneway calls to frozen process.
2026-01-25 17:01:14.193 27517-28014 AiAiEcho                com.google.android.as                I  (REDACTED) #postPredictionTargets: Sending updates to UISurface %s with targets# %s (types=[%s])
2026-01-25 17:01:14.194  1143-6010  NativePerm...Controller audioserver                          D  checkPermission: missing 13 for 10310
2026-01-25 17:01:14.194  1143-11591 NativePerm...Controller audioserver                          D  checkPermission: missing 13 for 10310
2026-01-25 17:01:14.197  1143-14191 NativePerm...Controller audioserver                          D  checkPermission: missing 13 for 10310
2026-01-25 17:01:14.197  1143-14191 NativePerm...Controller audioserver                          D  checkPermission: missing 13 for 10310
2026-01-25 17:01:14.198  1143-14191 NativePerm...Controller audioserver                          D  checkPermission: missing 13 for 10310
2026-01-25 17:01:14.198  1143-14191 NativePerm...Controller audioserver                          D  checkPermission: missing 13 for 10310
2026-01-25 17:01:14.201  1143-11591 NativePerm...Controller audioserver                          D  checkPermission: missing 13 for 10310
2026-01-25 17:01:14.202  1143-14191 NativePerm...Controller audioserver                          D  checkPermission: missing 13 for 10310
2026-01-25 17:01:14.275  1143-16211 AAudioServiceEndpoint   audioserver                          D  ~AAudioServiceEndpoint() called
2026-01-25 17:01:14.275  1143-16211 AAudioServiceStreamBase audioserver                          D  run() MMAP exiting after 3231 loops <<<<<<<<<<<<<< COMMANDS
2026-01-25 17:01:14.276  1143-16212 AAudioServiceStreamBase audioserver                          D  ~AAudioServiceStreamBase() called
2026-01-25 17:01:14.276  1143-16212 AAudioStream            audioserver                          D  setState(s#389) from 11 to 11
2026-01-25 17:01:14.276  1143-16212 AAudioStream            audioserver                          D  setState(s#389) from 11 to 12
2026-01-25 17:01:14.276  1143-16212 AudioStrea...al_Service audioserver                          D  ~AudioStreamInternal() 0xb4000076ca92f7a0 called
2026-01-25 17:01:14.277  1359-1359  AOC                     aocd                                 D  A3:MSG: controller.cc, 275: CNTRL: cmd ID: 0x00d4, tag: 0x29 [cntr = 705237]
2026-01-25 17:01:14.277  1143-16212 AAudioStream            audioserver                          D  ~AudioStream(s#389) mPlayerBase strongCount = 1
2026-01-25 17:01:14.277  1359-1359  AOC                     aocd                                 D  A3:MSG: controller.cc, 933: CNTRL: ipc: control, cmd ID: 0x00d4, tag: 0x29, rc: 0
2026-01-25 17:01:14.277  1143-16212 audioserver             audioserver                          D  PlayerBase::~PlayerBase()
2026-01-25 17:01:14.277  1143-16212 AAudioServiceEndpoint   audioserver                          D  ~AAudioServiceEndpoint() called
2026-01-25 17:01:14.279  1143-16212 AAudioServiceStreamBase audioserver                          D  run() Shared exiting after 258 loops <<<<<<<<<<<<<< COMMANDS
2026-01-25 17:01:14.280  1143-18231 AAudioServiceStreamBase audioserver                          D  ~AAudioServiceStreamBase() called
2026-01-25 17:01:14.474  1340-16177 AidlBufferPool          media.swcodec                        D  bufferpool2 0xb4000073684c0c88 : 66(632914 size) total buffers - 1(20417 size) used buffers - 13/394 (recycle/alloc) - 380/393 (fetch/transfer)
2026-01-25 17:01:14.523  2829-2869  WindowManagerShell      com.android.systemui                 V  Transition animation finished (aborted=false), notifying core (#44671) android.os.BinderProxy@80d2773@0
2026-01-25 17:01:14.529  1668-1788  WindowManager           system_server                        V  Finish Transition (#44671): created at 01-25 17:01:14.049 collect-started=0.057ms request-sent=0.562ms started=9.898ms ready=48.205ms sent=71.472ms commit=25.035ms finished=479.811ms
2026-01-25 17:01:14.529  1668-4805  libbinder....hreadState system_server                        E  Binder transaction failure. id: 1494755260, BR_*: 29189, error: -22 (Invalid argument)
2026-01-25 17:01:14.529  1668-4805  ActivityManager         system_server                        W  pid 1668 system sent binder code 7 with flags 1 and got error -32
2026-01-25 17:01:14.530  1668-4805  WindowManager           system_server                        W  Exception thrown during dispatchAppVisibility Window{b838fd9 u0 com.example.kaosseffect/com.example.kaosseffect.MainActivity EXITING} (Fix with AI)
                                                                                                    android.os.DeadObjectException
                                                                                                    	at android.os.BinderProxy.transactNative(Native Method)
                                                                                                    	at android.os.BinderProxy.transact(BinderProxy.java:592)
                                                                                                    	at android.view.IWindow$Stub$Proxy.dispatchAppVisibility(IWindow.java:538)
                                                                                                    	at com.android.server.wm.WindowState.sendAppVisibilityToClients(WindowState.java:3183)
                                                                                                    	at com.android.server.wm.WindowContainer.sendAppVisibilityToClients(WindowContainer.java:1233)
                                                                                                    	at com.android.server.wm.WindowToken.setClientVisible(WindowToken.java:394)
                                                                                                    	at com.android.server.wm.ActivityRecord.commitVisibility(ActivityRecord.java:5546)
                                                                                                    	at com.android.server.wm.Transition.finishTransition(Transition.java:1485)
                                                                                                    	at com.android.server.wm.TransitionController.finishTransition(TransitionController.java:1048)
                                                                                                    	at com.android.server.wm.WindowOrganizerController.finishTransition(WindowOrganizerController.java:514)
                                                                                                    	at android.window.IWindowOrganizerController$Stub.onTransact(IWindowOrganizerController.java:270)
                                                                                                    	at com.android.server.wm.WindowOrganizerController.onTransact(WindowOrganizerController.java:230)
                                                                                                    	at android.os.Binder.execTransactInternal(Binder.java:1446)
                                                                                                    	at android.os.Binder.execTransact(Binder.java:1385)
2026-01-25 17:01:14.530  1668-4805  Process                 system_server                        W  Unable to open /proc/16183/status
2026-01-25 17:01:14.530 29046-29046 SsBaseTemplateCard      com...le.android.apps.nexuslauncher  D  No text view can be set up
2026-01-25 17:01:14.531 29046-29046 SsBaseTemplateCard      com...le.android.apps.nexuslauncher  I  setFormattedContentDescription: text=-14°C, iconDescription=Cloudy, contentDescription=Cloudy, -14°C
2026-01-25 17:01:14.531 29046-29046 SsBaseTemplateCard      com...le.android.apps.nexuslauncher  D  Passed-in item info is null
2026-01-25 17:01:14.531 29046-29046 SsBaseTemplateCard      com...le.android.apps.nexuslauncher  D  Passed-in item info is null
2026-01-25 17:01:14.531 29046-29046 SsBaseTemplateCard      com...le.android.apps.nexuslauncher  I  Secondary card pane is null
2026-01-25 17:01:14.533  2829-2869  WindowManagerShell      com.android.systemui                 V  Track 0 became idle
2026-01-25 17:01:14.534  2829-2869  WindowManagerShell      com.android.systemui                 V  All active transition animations finished
2026-01-25 17:01:14.535 29046-29046 RecentsView             com...le.android.apps.nexuslauncher  D  onTaskRemoved: 15475, not handling task stack changes
2026-01-25 17:01:14.535 29046-29046 RecentsView             com...le.android.apps.nexuslauncher  D  onTaskRemoved: 15475, not handling task stack changes
2026-01-25 17:01:14.539  1668-4805  ActivityTaskManager     system_server                        W  takeTaskSnapshot: taskId=15475 not found or not visible
2026-01-25 17:01:14.552  1668-1791  ActivityTaskManager     system_server                        W  Activity top resumed state loss timeout for ActivityRecord{22271012 u0 com.example.kaosseffect/.MainActivity t-1 f}}
2026-01-25 17:01:14.552   550-550   BpTransact...edListener surfaceflinger                       E  Failed to transact (-32)
2026-01-25 17:01:14.554 29046-29046 Choreographer           com...le.android.apps.nexuslauncher  W  Frame time is 0.012275 ms in the future!  Check that graphics HAL is generating vsync timestamps using the correct timebase.
2026-01-25 17:01:14.660  1340-16177 AidlBufferPool          media.swcodec                        D  bufferpool2 0xb4000073684c0c88 : 66(964831 size) total buffers - 1(21373 size) used buffers - 13/411 (recycle/alloc) - 397/410 (fetch/transfer)
2026-01-25 17:01:15.087  1340-16177 AidlBufferPool          media.swcodec                        D  bufferpool2 0xb4000073684c0c88 : 66(1116987 size) total buffers - 1(2647 size) used buffers - 13/428 (recycle/alloc) - 414/427 (fetch/transfer)
2026-01-25 17:01:15.615  1629-1659  pixel-thermal           and...ardware.thermal-service.pixel  I  VIRTUAL-SKIN-SPEAKER-MODEL: model_input: [33250.00 29863.00 29626.00 31058.00 31800.00 31532.00 32433.00 29440.00 ]
2026-01-25 17:01:15.616  1629-1659  native                  and...ardware.thermal-service.pixel  I  I0000 00:00:1769353275.615632    1659 thermal_tflite_wrapper.cc:261] ThermalTfliteInvoke
2026-01-25 17:01:15.616  1629-1659  pixel-thermal           and...ardware.thermal-service.pixel  I  VIRTUAL-SKIN-SPEAKER-MODEL: model_output: [29690.6 ]
2026-01-25 17:01:15.616  1629-1659  pixel-thermal           and...ardware.thermal-service.pixel  I  VIRTUAL-SKIN-SPEAKER-MODEL: predicted_value: [29690.6 ]
2026-01-25 17:01:15.617  1629-1659  pixel-thermal           and...ardware.thermal-service.pixel  I  VIRTUAL-SKIN-SPEAKER:29.7701 raw data: VIRTUAL-SKIN-SPEAKER:29770.1 VIRTUAL-SKIN-SPEAKER-LEGACY:30525 VIRTUAL-SKIN-SPEAKER-LEGACY-MODEL-DIFF:834.426 VIRTUAL-SKIN-SPEAKER-MODEL:29690.6 VIRTUAL-SKIN-SPEAKER-MODEL-CLAMPED:29690.6 VIRTUAL-SKIN-SPEAKER-MODEL-LEGACY-DIFF:-834.426 VIRTUAL-SKIN-SPEAKER-MODEL-UPPER-CLAMPED:29690.6 VIRTUAL-SKIN-SPEAKER-SUB-0:30525 VIRTUAL-SKIN-SPEAKER-SUB-1:30456.4 VT_SPEAKER_LEGACY_WEIGHT:0 VT_SPEAKER_MODEL_WEIGHT:1 charging_therm:33250 disp0_therm:29863 flash_therm:29626 north_therm:31058 quiet_therm:31800 rfpa_therm:31532 soc_therm:32433 usb_pwr_therm:29440
2026-01-25 17:01:15.643  1629-1659  pixel-thermal           and...ardware.thermal-service.pixel  I  rfpa_therm:31.532 raw data: rfpa_therm:31532
