2026-01-25 17:01:09.762  1340-2540  AidlBufferPool          media.swcodec                        D  bufferpool2 0xb4000073684c0c88 : 52(307747 size) total buffers - 0(0 size) used buffers - 11/326 (recycle/alloc) - 315/326 (fetch/transfer)
2026-01-25 17:01:09.765  1340-2540  AidlBufferPoolAcc       media.swcodec                        D  evictor expired: 1, evicted: 1
2026-01-25 17:01:10.418  1068-1977  AHal::Cs35l43Codec      and...rdware.audio.service-aidl.aoc  D  CheckAllSpeakers: get ctl [PCM Source] = 9, expects 9
2026-01-25 17:01:10.418  1068-1977  AHal::Cs35l43Codec      and...rdware.audio.service-aidl.aoc  D  CheckAllSpeakers: get ctl [R PCM Source] = 9, expects 9
2026-01-25 17:01:10.423  1068-1977  AHal::Cs35l43Health     and...rdware.audio.service-aidl.aoc  I  GetImpedances: DSP1 Protection 5f210 RE_AFTER_TR_RES Impedance: 0xffffa8 ==> 11995.4 Ohms
2026-01-25 17:01:10.424  1068-1977  AHal::Cs35l43Health     and...rdware.audio.service-aidl.aoc  I  GetImpedances: R DSP1 Protection 5f210 RE_AFTER_TR_RES Impedance: 0xffff2f ==> 11995.3 Ohms
2026-01-25 17:01:10.425  1068-1977  AHal::Cs35l43Health     and...rdware.audio.service-aidl.aoc  I  GetTemperatures: DSP1 Protection 5f21f MAX_TEMP Max temp: 0x1918fc ==> 100.39 C
2026-01-25 17:01:10.426  1068-1977  AHal::Cs35l43Health     and...rdware.audio.service-aidl.aoc  I  GetTemperatures: R DSP1 Protection 5f21f MAX_TEMP Max temp: 0x1b5a1c ==> 109.408 C
2026-01-25 17:01:10.428  1068-1977  AHal::Cs35l43Health     and...rdware.audio.service-aidl.aoc  I  GetExcursions: DSP1 Protection 5f21f MAX_EXC Max exc: 0x46665 ==> 0.549997 mm
2026-01-25 17:01:10.429  1068-1977  AHal::Cs35l43Health     and...rdware.audio.service-aidl.aoc  I  GetExcursions: R DSP1 Protection 5f21f MAX_EXC Max exc: 0x3ffff ==> 0.499998 mm
2026-01-25 17:01:10.430  1068-1977  AHal::Cs35l43Health     and...rdware.audio.service-aidl.aoc  I  GetHeartBeats: DSP1 Protection 1820d6 HALO_HEARTBEAT dsp heartbeat = 0x20172c
2026-01-25 17:01:10.431  1068-1977  AHal::Cs35l43Health     and...rdware.audio.service-aidl.aoc  I  GetHeartBeats: R DSP1 Protection 1820d6 HALO_HEARTBEAT dsp heartbeat = 0x2dcd5e
2026-01-25 17:01:10.767  1139-1139  WifiHAL                 ven...oogle.wifi_ext-service-vendor  I  Creating message to get link statistics; iface = 47
2026-01-25 17:01:10.876  3016-3121  ImpulseConnection       com...le.android.pixelsystemservice  D  timeout didn't happen: com.google.android.apps.turbo
2026-01-25 17:01:10.885  3016-4300  TemperatureStateSource  com...le.android.pixelsystemservice  D  sequence=266264 actualDelay=10001
2026-01-25 17:01:10.889  3016-4300  TemperatureStateSource  com...le.android.pixelsystemservice  D  Reading temperature: sequence=266265
2026-01-25 17:01:10.908  1139-1139  WifiHAL                 ven...oogle.wifi_ext-service-vendor  I  index: 0 per_rate_size 32, data_rem_len 1152
2026-01-25 17:01:10.910  1139-1139  WifiHAL                 ven...oogle.wifi_ext-service-vendor  I  index: 1 per_rate_size 32, data_rem_len 1120
2026-01-25 17:01:10.910  1139-1139  WifiHAL                 ven...oogle.wifi_ext-service-vendor  I  index: 2 per_rate_size 32, data_rem_len 1088
2026-01-25 17:01:10.910  1139-1139  WifiHAL                 ven...oogle.wifi_ext-service-vendor  I  index: 3 per_rate_size 32, data_rem_len 1056
2026-01-25 17:01:10.910  1139-1139  WifiHAL                 ven...oogle.wifi_ext-service-vendor  I  index: 4 per_rate_size 32, data_rem_len 1024
2026-01-25 17:01:10.911  1139-1139  WifiHAL                 ven...oogle.wifi_ext-service-vendor  I  index: 5 per_rate_size 32, data_rem_len 992
2026-01-25 17:01:10.911  1139-1139  WifiHAL                 ven...oogle.wifi_ext-service-vendor  I  index: 6 per_rate_size 32, data_rem_len 960
2026-01-25 17:01:10.911  1139-1139  WifiHAL                 ven...oogle.wifi_ext-service-vendor  I  index: 7 per_rate_size 32, data_rem_len 928
2026-01-25 17:01:10.911  1139-1139  WifiHAL                 ven...oogle.wifi_ext-service-vendor  I  index: 8 per_rate_size 32, data_rem_len 896
2026-01-25 17:01:10.911  1139-1139  WifiHAL                 ven...oogle.wifi_ext-service-vendor  I  index: 9 per_rate_size 32, data_rem_len 864
2026-01-25 17:01:10.911  1139-1139  WifiHAL                 ven...oogle.wifi_ext-service-vendor  I  index: 10 per_rate_size 32, data_rem_len 832
2026-01-25 17:01:10.911  1139-1139  WifiHAL                 ven...oogle.wifi_ext-service-vendor  I  index: 11 per_rate_size 32, data_rem_len 800
2026-01-25 17:01:10.911  1139-1139  WifiHAL                 ven...oogle.wifi_ext-service-vendor  I  index: 12 per_rate_size 32, data_rem_len 768
2026-01-25 17:01:10.911  1139-1139  WifiHAL                 ven...oogle.wifi_ext-service-vendor  I  index: 13 per_rate_size 32, data_rem_len 736
2026-01-25 17:01:10.911  1139-1139  WifiHAL                 ven...oogle.wifi_ext-service-vendor  I  index: 14 per_rate_size 32, data_rem_len 704
2026-01-25 17:01:10.911  1139-1139  WifiHAL                 ven...oogle.wifi_ext-service-vendor  I  index: 15 per_rate_size 32, data_rem_len 672
2026-01-25 17:01:10.911  1139-1139  WifiHAL                 ven...oogle.wifi_ext-service-vendor  I  index: 16 per_rate_size 32, data_rem_len 640
2026-01-25 17:01:10.911  1139-1139  WifiHAL                 ven...oogle.wifi_ext-service-vendor  I  index: 17 per_rate_size 32, data_rem_len 608
2026-01-25 17:01:10.911  1139-1139  WifiHAL                 ven...oogle.wifi_ext-service-vendor  I  index: 18 per_rate_size 32, data_rem_len 576
2026-01-25 17:01:10.911  1139-1139  WifiHAL                 ven...oogle.wifi_ext-service-vendor  I  index: 19 per_rate_size 32, data_rem_len 544
2026-01-25 17:01:10.911  1139-1139  WifiHAL                 ven...oogle.wifi_ext-service-vendor  I  index: 20 per_rate_size 32, data_rem_len 512
2026-01-25 17:01:10.912  1139-1139  WifiHAL                 ven...oogle.wifi_ext-service-vendor  I  index: 21 per_rate_size 32, data_rem_len 480
2026-01-25 17:01:10.912  1139-1139  WifiHAL                 ven...oogle.wifi_ext-service-vendor  I  index: 22 per_rate_size 32, data_rem_len 448
2026-01-25 17:01:10.913  1139-1139  WifiHAL                 ven...oogle.wifi_ext-service-vendor  I  index: 23 per_rate_size 32, data_rem_len 416
2026-01-25 17:01:10.913  1139-1139  WifiHAL                 ven...oogle.wifi_ext-service-vendor  I  index: 24 per_rate_size 32, data_rem_len 384
2026-01-25 17:01:10.913  1139-1139  WifiHAL                 ven...oogle.wifi_ext-service-vendor  I  index: 25 per_rate_size 32, data_rem_len 352
2026-01-25 17:01:10.913  1139-1139  WifiHAL                 ven...oogle.wifi_ext-service-vendor  I  index: 26 per_rate_size 32, data_rem_len 320
2026-01-25 17:01:10.913  1139-1139  WifiHAL                 ven...oogle.wifi_ext-service-vendor  I  index: 27 per_rate_size 32, data_rem_len 288
2026-01-25 17:01:10.913  1139-1139  WifiHAL                 ven...oogle.wifi_ext-service-vendor  I  index: 28 per_rate_size 32, data_rem_len 256
2026-01-25 17:01:10.913  1139-1139  WifiHAL                 ven...oogle.wifi_ext-service-vendor  I  index: 29 per_rate_size 32, data_rem_len 224
2026-01-25 17:01:10.913  1139-1139  WifiHAL                 ven...oogle.wifi_ext-service-vendor  I  index: 30 per_rate_size 32, data_rem_len 192
2026-01-25 17:01:10.913  1139-1139  WifiHAL                 ven...oogle.wifi_ext-service-vendor  I  index: 31 per_rate_size 32, data_rem_len 160
2026-01-25 17:01:10.913  1139-1139  WifiHAL                 ven...oogle.wifi_ext-service-vendor  I  index: 32 per_rate_size 32, data_rem_len 128
2026-01-25 17:01:10.913  1139-1139  WifiHAL                 ven...oogle.wifi_ext-service-vendor  I  index: 33 per_rate_size 32, data_rem_len 96
2026-01-25 17:01:10.913  1139-1139  WifiHAL                 ven...oogle.wifi_ext-service-vendor  I  index: 34 per_rate_size 32, data_rem_len 64
2026-01-25 17:01:10.913  1139-1139  WifiHAL                 ven...oogle.wifi_ext-service-vendor  I  index: 35 per_rate_size 32, data_rem_len 32
2026-01-25 17:01:10.914  1629-1629  pixel-thermal           and...ardware.thermal-service.pixel  I  VIRTUAL-SKIN-MODEL: model_input: [33333.00 29895.00 29626.00 31030.00 31802.00 31493.00 32522.00 29430.00 ]
2026-01-25 17:01:10.916  1629-1629  native                  and...ardware.thermal-service.pixel  I  I0000 00:00:1769353270.914730    1629 thermal_tflite_wrapper.cc:261] ThermalTfliteInvoke
2026-01-25 17:01:10.916  1629-1629  pixel-thermal           and...ardware.thermal-service.pixel  I  VIRTUAL-SKIN-MODEL: model_output: [30547.8 ]
2026-01-25 17:01:10.916  1629-1629  pixel-thermal           and...ardware.thermal-service.pixel  I  VIRTUAL-SKIN-MODEL: predicted_value: [30547.8 ]
2026-01-25 17:01:10.919  1139-1139  libbinder....hreadState ven...oogle.wifi_ext-service-vendor  E  binder thread pool (1 threads) starved for 151 ms
2026-01-25 17:01:10.920  1629-1629  pixel-thermal           and...ardware.thermal-service.pixel  I  VIRTUAL-SKIN:30.1914 raw data: VIRTUAL-SKIN:30191.4 VIRTUAL-SKIN-EQ:30191.4 VIRTUAL-SKIN-LEGACY:31151.3 VIRTUAL-SKIN-LEGACY-MODEL-DIFF:603.43 VIRTUAL-SKIN-LEGACY-SHUTDOWN:0 VIRTUAL-SKIN-MODEL:30547.8 VIRTUAL-SKIN-MODEL-CLAMPED:30547.8 VIRTUAL-SKIN-MODEL-LEGACY-DIFF:-603.43 VIRTUAL-SKIN-MODEL-UPDATED:30191.4 VIRTUAL-SKIN-MODEL-UPPER-CLAMPED:30547.8 VIRTUAL-SKIN-SUB-0:31151.3 VIRTUAL-SKIN-SUB-1:30928.8 VIRTUAL-SKIN-SUB-2:30728.2 VIRTUAL-SKIN-SUB-3:30898.2 VIRTUAL-SKIN-SUB-4:30527.6 VT_LEGACY_WEIGHT:0 VT_MODEL_WEIGHT:1 charging_therm:33333 disp0_therm:29895 flash_therm:29626 north_therm:31030 quiet_therm:31802 rfpa_therm:31493 soc_therm:32522 usb_pwr_therm:29430
2026-01-25 17:01:10.922  3016-4300  TemperatureStateSource  com...le.android.pixelsystemservice  D  getDeviceTemperatures: sequence=266265 deviceTemperatureType=3 temperatureSource=0 temperatures=[30.191406]
2026-01-25 17:01:10.922  3016-4300  BusinessScope           com...le.android.pixelsystemservice  D  Enqueuing the block
2026-01-25 17:01:10.924  3016-3340  BusinessScope           com...le.android.pixelsystemservice  D  Start running the #776858 block
2026-01-25 17:01:10.924  1139-1139  WifiHAL                 ven...oogle.wifi_ext-service-vendor  I  Getting cached scan results, iface handle = 0xb400007baf379010
2026-01-25 17:01:10.925  1139-1139  WifiHAL                 ven...oogle.wifi_ext-service-vendor  E  Creating message to get cached scan results
2026-01-25 17:01:10.925  3016-4300  TemperatureStateSource  com...le.android.pixelsystemservice  D  sequence=266265 waitTime=10000
2026-01-25 17:01:10.932  1629-1629  pixel-thermal           and...ardware.thermal-service.pixel  I  VIRTUAL-SKIN:30.1914 raw data: VIRTUAL-SKIN:30191.4
2026-01-25 17:01:10.935  3016-3340  TemperatureStateSource  com...le.android.pixelsystemservice  I  temperature was set
2026-01-25 17:01:10.940  3016-3340  BusinessScope           com...le.android.pixelsystemservice  D  Enqueuing the block
2026-01-25 17:01:10.940  3016-3340  ImpulseStateSource      com...le.android.pixelsystemservice  D  Notify clients: 388392
2026-01-25 17:01:10.940  3016-3340  BusinessScope           com...le.android.pixelsystemservice  D  Finish running the #776858 block
2026-01-25 17:01:10.943  3016-3340  BusinessScope           com...le.android.pixelsystemservice  D  Start running the #776859 block
2026-01-25 17:01:10.944  1139-1139  WifiHAL                 ven...oogle.wifi_ext-service-vendor  I  In GetCachedScanResultsCommand::handleResponse
2026-01-25 17:01:10.948  3016-3340  BusinessScope           com...le.android.pixelsystemservice  D  Finish running the #776859 block
2026-01-25 17:01:10.966 15636-16095 Turbo.Devi...anagerImpl com.google.android.apps.turbo        W  applyLeversWithMaintenanceWindow: ignore the same request
2026-01-25 17:01:11.000  1668-2689  WifiClient...579:wlan0] system_server                        D  updateLinkLayerStatsRssiSpeedFrequencyCapabilities rssi=-50 TxLinkspeed=780 freq=5180 RxLinkSpeed=650
2026-01-25 17:01:11.007  1668-2689  WifiDataStall           system_server                        D  tx tput in kbps: 697582
2026-01-25 17:01:11.007  1668-2689  WifiDataStall           system_server                        D  rx tput in kbps: 611914
2026-01-25 17:01:11.008  1668-2689  WifiConfigManager       system_server                        V  Updating scan detail cache freq=5180 BSSID=70:3a:cb:89:b4:38 RSSI=-49 for "interstellar"WPA_PSK
2026-01-25 17:01:11.009  1668-2689  WifiDataStall           system_server                        D   use default cca Level
2026-01-25 17:01:11.009  1668-2689  WifiDataStall           system_server                        D   ccaLevel = 15
2026-01-25 17:01:11.009  1668-2689  WifiDataStall           system_server                        D  L2 txTputKbps: 697582, rxTputKbps: 611914, L3 txTputKbps: 0, rxTputKbps: 0, TxTrafficHigh: false, RxTrafficHigh: false, Throughput Sufficient: true
2026-01-25 17:01:11.012  1668-2689  WifiThroughputPredictor system_server                        D   utilization (LLS) -1 isBluetoothConnected: false final utilization: 15
2026-01-25 17:01:11.013  1668-2689  WifiThroughputPredictor system_server                        D   BW: 2 RSSI: -50 Nss: 2 Mode: 5 symDur: 3600 snrDb 24 bitPerTone: 6667 rate: 866 throughput: 815
2026-01-25 17:01:11.013  1668-2689  WifiThroughputPredictor system_server                        D   utilization (LLS) -1 isBluetoothConnected: false final utilization: 15
2026-01-25 17:01:11.013  1668-2689  WifiThroughputPredictor system_server                        D   BW: 2 RSSI: -50 Nss: 2 Mode: 5 symDur: 3600 snrDb 24 bitPerTone: 6667 rate: 866 throughput: 815
2026-01-25 17:01:11.017  1668-2689  WifiScoreCard           system_server                        D  BSSID update SIGNAL_POLL ID: 2069775146 SSID: "interstellar", BSSID: 70:3a:cb:89:b4:38, MAC: ae:6f:f3:49:42:8c, IP: /192.168.86.26, Security type: 2, Supplicant state: COMPLETED, Wi-Fi standard: 11ac, RSSI: -50, Link speed: 780Mbps, Tx Link speed: 780Mbps, Max Supported Tx Link speed: 866Mbps, Rx Link speed: 650Mbps, Max Supported Rx Link speed: 866Mbps, Frequency: 5180MHz, Net ID: 77, Metered hint: false, score: 60, isUsable: true, CarrierMerged: false, SubscriptionId: -1, IsPrimary: 1, Trusted: true, Restricted: false, Ephemeral: false, OEM paid: false, OEM private: false, OSU AP: false, FQDN: <none>, Provider friendly name: <none>, Requesting package name: <none>"interstellar"wpa2-pskMLO Information: , Is TID-To-Link negotiation supported by the AP: false, AP MLD Address: <none>, AP MLO Link Id: <none>, AP MLO Affiliated links: <none>, Vendor Data: <none>
2026-01-25 17:01:11.018  1668-2689  WifiScoreCard           system_server                        D  txRate: 1 txSpeed: 780
2026-01-25 17:01:11.018  1668-2689  WifiScoreCard           system_server                        D  network update SIGNAL_POLL "interstellar" ID: 1457281875 RSSI -50 txSpeed -1
2026-01-25 17:01:11.019  1668-2689  WifiClient...579:wlan0] system_server                        D   ClientModeImpl$L2ConnectedState screen=on 240 0 "interstellar" 70:3a:cb:89:b4:38 rssi=-50 f=5180 sc=60 link=780 tx=0.0, 0.0, 0.0 rx=0.0 bcn=10594031 [on:92 tx:0 rx:0 period:3265] from screen [on:244908 period:1062146] score=60
2026-01-25 17:01:11.057  1668-2696  ConnectivityService     system_server                        D  NetReassign [no changes] [c 7] [a 3] [i 18]
2026-01-25 17:01:11.402  1657-1691  JobInfo                 com.linkedin.android                 W  Requested important-while-foreground flag for job-2147483204 is ignored and takes no effect
2026-01-25 17:01:11.427  1284-2586  libbinder....hreadState cameraserver                         W  Sending oneway calls to frozen process.
2026-01-25 17:01:11.428  1284-2586  libbinder....hreadState cameraserver                         W  Sending oneway calls to frozen process.
2026-01-25 17:01:11.430  1284-2586  libbinder....hreadState cameraserver                         W  Sending oneway calls to frozen process.
2026-01-25 17:01:11.430  1284-2586  libbinder....hreadState cameraserver                         W  Sending oneway calls to frozen process.
2026-01-25 17:01:11.434  1668-3347  ConnectivityService     system_server                        D  requestNetwork for uid/pid:10310/1657 activeRequest: null callbackRequest: 303656 [NetworkRequest [ REQUEST id=303657, [ Capabilities: INTERNET&NOT_RESTRICTED&TRUSTED&NOT_VCN_MANAGED&NOT_BANDWIDTH_CONSTRAINED Uid: 10310 RequestorUid: 10310 RequestorPkg: com.linkedin.android UnderlyingNetworks: Null] ]] callback flags: 0 order: 2147483647 isUidTracked: false declaredMethods: AVAIL|LOST|NC
2026-01-25 17:01:11.471  1657-1691  WM-WorkerWrapper        com.linkedin.android                 I  Worker result SUCCESS for Work [ id=c2230c13-0a3e-47d6-bf82-27b99f72f54a, tags={ com.linkedin.tracking.grpc.transport.restproxy.worker.RestProxyWorker, grest_dispatch_one_batch } ]
2026-01-25 17:01:11.499  1284-13543 libbinder....hreadState cameraserver                         W  Sending oneway calls to frozen process.
2026-01-25 17:01:11.499  1284-13543 libbinder....hreadState cameraserver                         W  Sending oneway calls to frozen process.
2026-01-25 17:01:11.499  1284-13543 libbinder....hreadState cameraserver                         W  Sending oneway calls to frozen process.
2026-01-25 17:01:11.499  1284-13543 libbinder....hreadState cameraserver                         W  Sending oneway calls to frozen process.
2026-01-25 17:01:11.507 17144-17829 egdc                    com...oglequicksearchbox:interactor  I  (REDACTED) appOpsListener %s %s
2026-01-25 17:01:11.513  3003-3003  Finsky:background       com.android.vending:background       I  [2] Memory trim requested to level 40
2026-01-25 17:01:11.518 17144-17829 egdc                    com...oglequicksearchbox:interactor  I  (REDACTED) Ignoring irrelevant audio permission changes for package %s
2026-01-25 17:01:11.520 19117-19854 cr_BindingManager       com.android.chrome                   I  onTrimMemory: level=40, size=0
2026-01-25 17:01:11.523  1284-2586  libbinder....hreadState cameraserver                         W  Sending oneway calls to frozen process.
2026-01-25 17:01:11.523  1284-2586  libbinder....hreadState cameraserver                         W  Sending oneway calls to frozen process.
2026-01-25 17:01:11.523  1284-2586  libbinder....hreadState cameraserver                         W  Sending oneway calls to frozen process.
2026-01-25 17:01:11.523  1284-2586  libbinder....hreadState cameraserver                         W  Sending oneway calls to frozen process.
2026-01-25 17:01:11.525 15185-15185 Finsky                  com.android.vending                  I  [2] Memory trim requested to level 40
2026-01-25 17:01:11.525 15185-15185 Finsky                  com.android.vending                  I  [2] Flushing in-memory image cache
2026-01-25 17:01:11.531  1668-2689  OemPaidWif...orkFactory system_server                        D  got request NetworkRequest [ REQUEST id=303657, [ Capabilities: INTERNET&NOT_RESTRICTED&TRUSTED&NOT_VCN_MANAGED&NOT_BANDWIDTH_CONSTRAINED Uid: 10310 RequestorUid: 10310 RequestorPkg: com.linkedin.android UnderlyingNetworks: Null] ]
2026-01-25 17:01:11.531  1668-2689  MultiInter...orkFactory system_server                        D  got request NetworkRequest [ REQUEST id=303657, [ Capabilities: INTERNET&NOT_RESTRICTED&TRUSTED&NOT_VCN_MANAGED&NOT_BANDWIDTH_CONSTRAINED Uid: 10310 RequestorUid: 10310 RequestorPkg: com.linkedin.android UnderlyingNetworks: Null] ]
2026-01-25 17:01:11.533  1668-2689  WifiNetworkFactory      system_server                        D  got request NetworkRequest [ REQUEST id=303657, [ Capabilities: INTERNET&NOT_RESTRICTED&TRUSTED&NOT_VCN_MANAGED&NOT_BANDWIDTH_CONSTRAINED Uid: 10310 RequestorUid: 10310 RequestorPkg: com.linkedin.android UnderlyingNetworks: Null] ]
2026-01-25 17:01:11.533  1668-2689  WifiNetworkFactory      system_server                        V  Accepted network request NetworkRequest [ REQUEST id=303657, [ Capabilities: INTERNET&NOT_RESTRICTED&TRUSTED&NOT_VCN_MANAGED&NOT_BANDWIDTH_CONSTRAINED Uid: 10310 RequestorUid: 10310 RequestorPkg: com.linkedin.android UnderlyingNetworks: Null] ]
2026-01-25 17:01:11.534  1668-2696  ConnectivityService     system_server                        D  NetReassign [303657 : null → 980] [c 0] [a 21] [i 47]
2026-01-25 17:01:11.535  1668-2689  UntrustedW...orkFactory system_server                        D  got request NetworkRequest [ REQUEST id=303657, [ Capabilities: INTERNET&NOT_RESTRICTED&TRUSTED&NOT_VCN_MANAGED&NOT_BANDWIDTH_CONSTRAINED Uid: 10310 RequestorUid: 10310 RequestorPkg: com.linkedin.android UnderlyingNetworks: Null] ]
2026-01-25 17:01:11.559  1657-1740  JobInfo                 com.linkedin.android                 W  Requested important-while-foreground flag for job-2147483203 is ignored and takes no effect
2026-01-25 17:01:11.580  1284-13057 libbinder....hreadState cameraserver                         W  Sending oneway calls to frozen process.
2026-01-25 17:01:11.580  1284-13057 libbinder....hreadState cameraserver                         W  Sending oneway calls to frozen process.
2026-01-25 17:01:11.580  1284-13057 libbinder....hreadState cameraserver                         W  Sending oneway calls to frozen process.
2026-01-25 17:01:11.580  1284-13057 libbinder....hreadState cameraserver                         W  Sending oneway calls to frozen process.
2026-01-25 17:01:11.589  1668-3351  ConnectivityService     system_server                        D  requestNetwork for uid/pid:10310/1657 activeRequest: null callbackRequest: 303658 [NetworkRequest [ REQUEST id=303659, [ Capabilities: INTERNET&NOT_RESTRICTED&TRUSTED&NOT_VCN_MANAGED&NOT_BANDWIDTH_CONSTRAINED Uid: 10310 RequestorUid: 10310 RequestorPkg: com.linkedin.android UnderlyingNetworks: Null] ]] callback flags: 0 order: 2147483647 isUidTracked: false declaredMethods: AVAIL|LOST|NC
2026-01-25 17:01:11.599  1668-2689  OemPaidWif...orkFactory system_server                        D  got request NetworkRequest [ REQUEST id=303659, [ Capabilities: INTERNET&NOT_RESTRICTED&TRUSTED&NOT_VCN_MANAGED&NOT_BANDWIDTH_CONSTRAINED Uid: 10310 RequestorUid: 10310 RequestorPkg: com.linkedin.android UnderlyingNetworks: Null] ]
2026-01-25 17:01:11.599  1668-2689  MultiInter...orkFactory system_server                        D  got request NetworkRequest [ REQUEST id=303659, [ Capabilities: INTERNET&NOT_RESTRICTED&TRUSTED&NOT_VCN_MANAGED&NOT_BANDWIDTH_CONSTRAINED Uid: 10310 RequestorUid: 10310 RequestorPkg: com.linkedin.android UnderlyingNetworks: Null] ]
2026-01-25 17:01:11.599  1668-2689  WifiNetworkFactory      system_server                        D  got request NetworkRequest [ REQUEST id=303659, [ Capabilities: INTERNET&NOT_RESTRICTED&TRUSTED&NOT_VCN_MANAGED&NOT_BANDWIDTH_CONSTRAINED Uid: 10310 RequestorUid: 10310 RequestorPkg: com.linkedin.android UnderlyingNetworks: Null] ]
2026-01-25 17:01:11.599  1668-2689  WifiNetworkFactory      system_server                        V  Accepted network request NetworkRequest [ REQUEST id=303659, [ Capabilities: INTERNET&NOT_RESTRICTED&TRUSTED&NOT_VCN_MANAGED&NOT_BANDWIDTH_CONSTRAINED Uid: 10310 RequestorUid: 10310 RequestorPkg: com.linkedin.android UnderlyingNetworks: Null] ]
2026-01-25 17:01:11.599  1668-2689  UntrustedW...orkFactory system_server                        D  got request NetworkRequest [ REQUEST id=303659, [ Capabilities: INTERNET&NOT_RESTRICTED&TRUSTED&NOT_VCN_MANAGED&NOT_BANDWIDTH_CONSTRAINED Uid: 10310 RequestorUid: 10310 RequestorPkg: com.linkedin.android UnderlyingNetworks: Null] ]
2026-01-25 17:01:11.599  1668-2696  ConnectivityService     system_server                        D  NetReassign [303659 : null → 980] [c 0] [a 2] [i 7]
2026-01-25 17:01:11.601  1657-1739  WM-WorkerWrapper        com.linkedin.android                 I  Worker result SUCCESS for Work [ id=d5c67250-4942-4920-8ee7-c409c18b2d07, tags={ com.linkedin.tracking.grpc.transport.restproxy.worker.RestProxyWorker, grest_dispatch_one_batch } ]
2026-01-25 17:01:11.609  1668-1668  JobScheduler            system_server                        W  Job didn't exist in JobStore: eed29ad #u0a310/-2147483203 com.linkedin.android/androidx.work.impl.background.systemjob.SystemJobService
2026-01-25 17:01:11.613  3003-3003  Finsky:background       com.android.vending:background       I  [2] Memory trim requested to level 40
2026-01-25 17:01:11.614  1284-13057 libbinder....hreadState cameraserver                         W  Sending oneway calls to frozen process.
2026-01-25 17:01:11.615  1284-13057 libbinder....hreadState cameraserver                         W  Sending oneway calls to frozen process.
2026-01-25 17:01:11.615  1284-13057 libbinder....hreadState cameraserver                         W  Sending oneway calls to frozen process.
2026-01-25 17:01:11.615  1284-13057 libbinder....hreadState cameraserver                         W  Sending oneway calls to frozen process.
2026-01-25 17:01:11.617  1284-13057 libbinder....hreadState cameraserver                         W  Sending oneway calls to frozen process.
2026-01-25 17:01:11.618  1284-13057 libbinder....hreadState cameraserver                         W  Sending oneway calls to frozen process.
2026-01-25 17:01:11.618  1284-13057 libbinder....hreadState cameraserver                         W  Sending oneway calls to frozen process.
2026-01-25 17:01:11.618  1284-13057 libbinder....hreadState cameraserver                         W  Sending oneway calls to frozen process.
2026-01-25 17:01:11.625 15185-15185 Finsky                  com.android.vending                  I  [2] Memory trim requested to level 40
2026-01-25 17:01:11.626 15185-15185 Finsky                  com.android.vending                  I  [2] Flushing in-memory image cache
2026-01-25 17:01:11.628 19117-19854 cr_BindingManager       com.android.chrome                   I  onTrimMemory: level=40, size=0
2026-01-25 17:01:12.434  1629-1659  pixel-thermal           and...ardware.thermal-service.pixel  I  soc_therm:32.522 raw data: soc_therm:32522
2026-01-25 17:01:12.656 17144-17829 egdc                    com...oglequicksearchbox:interactor  I  (REDACTED) appOpsListener %s %s
2026-01-25 17:01:12.658 17144-17829 egdc                    com...oglequicksearchbox:interactor  I  (REDACTED) Ignoring irrelevant audio permission changes for package %s
2026-01-25 17:01:12.865  3926-3926  TracingMuxer            and...networks@service-darwinn-aidl  W  type=1400 audit(0.0:799146): avc:  denied  { write } for  name="traced_producer" dev="tmpfs" ino=1328 scontext=u:r:hal_neuralnetworks_darwinn:s0 tcontext=u:object_r:traced_producer_socket:s0 tclass=sock_file permissive=0
2026-01-25 17:01:13.364  1359-1359  AOC                     aocd                                 D  H0:AMixSPKR meas core clock [5000 frames] min/max/avg: 572/574/574 MHz | core votes 192 144 576 144 | overall 576
2026-01-25 17:01:13.370  1068-1948  AHal::Cs35l43Codec      and...rdware.audio.service-aidl.aoc  D  GetSpeakerPower: get ctl [DSP1 Protection 5f227 SPL_PWR_SCALE] = 211599
2026-01-25 17:01:13.372  1068-1948  AHal::Cs35l43Codec      and...rdware.audio.service-aidl.aoc  D  GetSpeakerPower: get ctl [DSP1 Protection 5f227 SPL_SM_PWR_EST] = 0 convert to -inf
2026-01-25 17:01:13.374  1068-1948  AHal::Cs35l43Codec      and...rdware.audio.service-aidl.aoc  D  GetSpeakerPower: get ctl [R DSP1 Protection 5f227 SPL_PWR_SCALE] = 211599
2026-01-25 17:01:13.375  1068-1948  AHal::Cs35l43Codec      and...rdware.audio.service-aidl.aoc  D  GetSpeakerPower: get ctl [R DSP1 Protection 5f227 SPL_SM_PWR_EST] = 0 convert to -inf
2026-01-25 17:01:13.396  1668-2578  ActivityManager         system_server                        D  freezing 5030 com.google.android.documentsui
2026-01-25 17:01:13.408  1668-2578  ActivityManager         system_server                        D  freezing 5160 com.dropbox.android
2026-01-25 17:01:13.415  1668-2578  ActivityManager         system_server                        D  freezing 5342 com.android.externalstorage
2026-01-25 17:01:13.423  1668-2696  InetDiagMessage         system_server                        D  Destroyed 0 sockets, proto=IPPROTO_TCP, family=AF_INET, states=14
2026-01-25 17:01:13.426  1668-2696  InetDiagMessage         system_server                        D  Destroyed 0 sockets, proto=IPPROTO_TCP, family=AF_INET6, states=14
2026-01-25 17:01:13.426  1668-2696  InetDiagMessage         system_server                        D  Destroyed live tcp sockets for uids={10094} in 6ms
2026-01-25 17:01:13.429  1668-2696  InetDiagMessage         system_server                        D  Destroyed 0 sockets, proto=IPPROTO_TCP, family=AF_INET, states=14
2026-01-25 17:01:13.432  1668-2696  InetDiagMessage         system_server                        D  Destroyed 0 sockets, proto=IPPROTO_TCP, family=AF_INET6, states=14
2026-01-25 17:01:13.432  1668-2696  InetDiagMessage         system_server                        D  Destroyed live tcp sockets for uids={10359} in 6ms
2026-01-25 17:01:13.435  1668-2696  InetDiagMessage         system_server                        D  Destroyed 0 sockets, proto=IPPROTO_TCP, family=AF_INET, states=14
2026-01-25 17:01:13.438  1668-2696  InetDiagMessage         system_server                        D  Destroyed 0 sockets, proto=IPPROTO_TCP, family=AF_INET6, states=14
2026-01-25 17:01:13.439  1668-2696  InetDiagMessage         system_server                        D  Destroyed live tcp sockets for uids={10092} in 6ms
2026-01-25 17:01:13.617 29046-29046 TaskbarManager          com...le.android.apps.nexuslauncher  D  dispatchTouchEvent:  displayId=0 isDefaultDisplay=true
2026-01-25 17:01:13.621   550-683   DisplayModeController   surfaceflinger                       D  setDesiredMode 4619827172759878144 {mode={fps=120.00 Hz, modePtr={id=1, vsyncRate=120.00 Hz, peakRefreshRate=120.00 Hz}}, emitEvent=true, force=false}
2026-01-25 17:01:13.625   551-648   hwc-pixel-display       and...are.composer.drm-hwc3-service  D  SetActiveConfigInternal: config: 3 powermode: 1
2026-01-25 17:01:13.625   551-648   android.ha...c3-service and...are.composer.drm-hwc3-service  V  OnRefreshRateChange Setting Refresh Rate: 120, calculator type: kMrr
2026-01-25 17:01:13.630  1074-1113  CHRE                    and...re.contexthub-service.generic  D  @ 48010.905: Parsed nanoapp message from host: app ID 0x476f6f676c00103b endpoint 0x8005 msgType 1 payload size 8
2026-01-25 17:01:13.693  2822-2822  deeptouch               and...dware.input.processor-service  W  W0000 00:00:1769353273.691320    2822 event_matcher.cc:47] Event queue exceeds maximum size; dropping oldest
2026-01-25 17:01:13.694  2822-2822  deeptouch               and...dware.input.processor-service  W  W0000 00:00:1769353273.694901    2822 event_matcher.cc:47] Event queue exceeds maximum size; dropping oldest
2026-01-25 17:01:13.700  2822-2822  deeptouch               and...dware.input.processor-service  W  W0000 00:00:1769353273.700209    2822 event_matcher.cc:47] Event queue exceeds maximum size; dropping oldest
2026-01-25 17:01:13.704  2822-2822  deeptouch               and...dware.input.processor-service  W  W0000 00:00:1769353273.704047    2822 event_matcher.cc:47] Event queue exceeds maximum size; dropping oldest
2026-01-25 17:01:13.706 15543-15981 AidlBufferPool          app_process                          D  bufferpool2 0xb4000070d7021418 : 0(0 size) total buffers - 0(0 size) used buffers - 0/0 (recycle/alloc) - 0/0 (fetch/transfer)
2026-01-25 17:01:13.707  2822-2822  deeptouch               and...dware.input.processor-service  W  W0000 00:00:1769353273.707802    2822 event_matcher.cc:47] Event queue exceeds maximum size; dropping oldest
2026-01-25 17:01:13.708  1340-29421 AidlBufferPool          media.swcodec                        D  bufferpool2 0xb4000073684da388 : 0(0 size) total buffers - 0(0 size) used buffers - 3/11 (recycle/alloc) - 8/11 (fetch/transfer)
2026-01-25 17:01:13.708  1340-29421 AidlBufferPool          media.swcodec                        D  Destruction - bufferpool2 0xb4000073684da388 cached: 0/0M, 0/0% in use; allocs: 11, 27% recycled; transfers: 11, 27% unfetched
2026-01-25 17:01:13.709  1340-29421 AidlBufferPool          media.swcodec                        D  bufferpool2 0xb4000073684b30d8 : 0(0 size) total buffers - 0(0 size) used buffers - 0/1 (recycle/alloc) - 1/1 (fetch/transfer)
2026-01-25 17:01:13.709  1340-29421 AidlBufferPool          media.swcodec                        D  Destruction - bufferpool2 0xb4000073684b30d8 cached: 0/0M, 0/0% in use; allocs: 1, 0% recycled; transfers: 1, 0% unfetched
2026-01-25 17:01:13.709  1340-2870  AidlBufferPool          media.swcodec                        D  bufferpool2 0xb4000073684d26a8 : 0(0 size) total buffers - 0(0 size) used buffers - 0/1 (recycle/alloc) - 1/1 (fetch/transfer)
2026-01-25 17:01:13.709  1340-2870  AidlBufferPool          media.swcodec                        D  Destruction - bufferpool2 0xb4000073684d26a8 cached: 0/0M, 0/0% in use; allocs: 1, 0% recycled; transfers: 1, 0% unfetched
2026-01-25 17:01:13.711  1340-16177 mediaswcodec            media.swcodec                        W  AIBinder_linkToDeath is being called with a non-null cookie and no onUnlink callback set. This might not be intended. AIBinder_DeathRecipient_setOnUnlinked should be called first.
2026-01-25 17:01:13.711  2822-2822  deeptouch               and...dware.input.processor-service  W  W0000 00:00:1769353273.711389    2822 event_matcher.cc:47] Event queue exceeds maximum size; dropping oldest
2026-01-25 17:01:13.715  2822-2822  deeptouch               and...dware.input.processor-service  W  W0000 00:00:1769353273.715917    2822 event_matcher.cc:47] Event queue exceeds maximum size; dropping oldest
2026-01-25 17:01:13.721  2822-2822  deeptouch               and...dware.input.processor-service  W  W0000 00:00:1769353273.721031    2822 event_matcher.cc:47] Event queue exceeds maximum size; dropping oldest
2026-01-25 17:01:13.724  2822-2822  deeptouch               and...dware.input.processor-service  W  W0000 00:00:1769353273.724025    2822 event_matcher.cc:47] Event queue exceeds maximum size; dropping oldest
2026-01-25 17:01:13.730  2822-2822  deeptouch               and...dware.input.processor-service  W  W0000 00:00:1769353273.730027    2822 event_matcher.cc:47] Event queue exceeds maximum size; dropping oldest
2026-01-25 17:01:13.733  2822-2824  deeptouch               and...dware.input.processor-service  I  I0000 00:00:1769353273.733597    2824 tf_lite_classifier.cc:413] Event stream classified as kNone
2026-01-25 17:01:13.734 16183-16183 AudioEngine             com.example.kaosseffect              I  Play requested. isPlaying = true
2026-01-25 17:01:13.735  1668-6317  AppOps                  system_server                        W  Noting op not finished: uid 10494 pkg com.example.kaosseffect code 154 startTime of in progress event=1769353258357
2026-01-25 17:01:13.736  1668-6317  MediaFocusControl       system_server                        I  requestAudioFocus() from uid/pid 10494/16183 AA=USAGE_MEDIA/CONTENT_TYPE_MUSIC clientId=android.media.AudioManager@eaa393ecom.example.kaosseffect.MainActivity$$ExternalSyntheticLambda2@fdf739f callingPack=com.example.kaosseffect req=1 flags=0x1 sdk=34
2026-01-25 17:01:13.736  1668-6317  AS.FadeOutManager       system_server                        I  unfadeOutUid() uid:10494
2026-01-25 17:01:13.738  1340-32293 AidlBufferPool          media.swcodec                        D  bufferpool2 0xb4000073684d01a8 : 0(0 size) total buffers - 0(0 size) used buffers - 0/0 (recycle/alloc) - 0/0 (fetch/transfer)
2026-01-25 17:01:13.738  1340-32293 AidlBufferPool          media.swcodec                        D  bufferpool2 0xb4000073684bfa08 : 0(0 size) total buffers - 0(0 size) used buffers - 11/15 (recycle/alloc) - 4/14 (fetch/transfer)
2026-01-25 17:01:13.738  1340-32293 AidlBufferPool          media.swcodec                        D  bufferpool2 0xb4000073684c7498 : 0(0 size) total buffers - 0(0 size) used buffers - 0/0 (recycle/alloc) - 0/0 (fetch/transfer)
2026-01-25 17:01:13.738  1340-32293 AidlBufferPool          media.swcodec                        D  bufferpool2 0xb4000073684cbe98 : 3(12288 size) total buffers - 3(12288 size) used buffers - 157/166 (recycle/alloc) - 9/166 (fetch/transfer)
2026-01-25 17:01:13.738  1340-32293 AidlBufferPool          media.swcodec                        D  bufferpool2 0xb4000073684daa78 : 0(0 size) total buffers - 0(0 size) used buffers - 0/0 (recycle/alloc) - 0/0 (fetch/transfer)
2026-01-25 17:01:13.738  1340-32293 AidlBufferPool          media.swcodec                        D  bufferpool2 0xb4000073684c6da8 : 1(4096 size) total buffers - 1(4096 size) used buffers - 64/71 (recycle/alloc) - 8/71 (fetch/transfer)
2026-01-25 17:01:13.738  1340-32293 AidlBufferPool          media.swcodec                        D  bufferpool2 0xb4000073684dc198 : 0(0 size) total buffers - 0(0 size) used buffers - 0/0 (recycle/alloc) - 0/0 (fetch/transfer)
2026-01-25 17:01:13.738  1340-32293 AidlBufferPool          media.swcodec                        D  bufferpool2 0xb4000073684cca28 : 0(0 size) total buffers - 0(0 size) used buffers - 0/3 (recycle/alloc) - 2/2 (fetch/transfer)
2026-01-25 17:01:13.738  1340-32293 AidlBufferPool          media.swcodec                        D  bufferpool2 0xb4000073684c3ac8 : 0(0 size) total buffers - 0(0 size) used buffers - 0/0 (recycle/alloc) - 0/0 (fetch/transfer)
2026-01-25 17:01:13.738  1340-32293 AidlBufferPool          media.swcodec                        D  bufferpool2 0xb4000073684c25f8 : 0(0 size) total buffers - 0(0 size) used buffers - 0/0 (recycle/alloc) - 0/0 (fetch/transfer)
2026-01-25 17:01:13.738  1340-32293 AidlBufferPool          media.swcodec                        D  bufferpool2 0xb4000073684d9a48 : 1(4096 size) total buffers - 1(4096 size) used buffers - 8/12 (recycle/alloc) - 4/12 (fetch/transfer)
2026-01-25 17:01:13.739 16183-16255 AidlBufferPool          com.example.kaosseffect              D  bufferpool2 0xb4000072a1352d28 : 4(262144 size) total buffers - 4(262144 size) used buffers - 0/5 (recycle/alloc) - 0/0 (fetch/transfer)
2026-01-25 17:01:13.740 16183-16255 ple.kaosseffect         com.example.kaosseffect              W  AIBinder_linkToDeath is being called with a non-null cookie and no onUnlink callback set. This might not be intended. AIBinder_DeathRecipient_setOnUnlinked should be called first.
2026-01-25 17:01:13.749 16183-16217 libc                    com.example.kaosseffect              A  Fatal signal 11 (SIGSEGV), code 1 (SEGV_MAPERR), fault addr 0x0 in tid 16217 (AAudio_1), pid 16183 (ple.kaosseffect)
2026-01-25 17:01:13.759  1074-1113  CHRE                    and...re.contexthub-service.generic  D  @ 48011.022: Parsed nanoapp message from host: app ID 0x476f6f676c00103b endpoint 0x8005 msgType 1 payload size 6
2026-01-25 17:01:13.760  1074-1113  CHRE                    and...re.contexthub-service.generic  I  @ 48011.022: Failed to cancel timer ID 153824: not found
2026-01-25 17:01:13.760  1074-1113  CHRE                    and...re.contexthub-service.generic  I  @ 48011.022: Failed to cancel timer ID 153824: not found
2026-01-25 17:01:13.820 16273-16273 DEBUG                   crash_dump64                         E  failed to readlink /proc/16217/fd/155: No such file or directory
2026-01-25 17:01:13.830 14601-14910 NearbyMediums           com.google.android.gms.persistent    I  No BLE Fast/GATT advertisements found in the latest cycle.
2026-01-25 17:01:13.831 14601-14910 NearbyMediums           com.google.android.gms.persistent    I  Current Tracked Scanning Clients are : {NearbyConnections.EnvironmentMonitor, NearbySharing}
2026-01-25 17:01:13.885 16273-16273 crash_dump64            crash_dump64                         I  obtaining output fd from tombstoned, type: kDebuggerdTombstoneProto
2026-01-25 17:01:13.886   759-759   tombstoned              tombstoned                           I  received crash request for pid 16217
2026-01-25 17:01:13.886 16273-16273 crash_dump64            crash_dump64                         I  performing dump of process 16183 (target tid = 16217)
2026-01-25 17:01:13.992  1143-16215 AAudioServiceStreamBase audioserver                          W  writeUpMessageQueue(): Queue full. Did client stop? Suspending stream. what = 3, Shared
2026-01-25 17:01:14.022  1139-1139  WifiHAL                 ven...oogle.wifi_ext-service-vendor  I  Creating message to get link statistics; iface = 47
2026-01-25 17:01:14.030 16273-16273 DEBUG                   crash_dump64                         A  *** *** *** *** *** *** *** *** *** *** *** *** *** *** *** ***
2026-01-25 17:01:14.030 16273-16273 DEBUG                   crash_dump64                         A  Build fingerprint: 'google/frankel/frankel:16/BD3A.251105.010.E1/14337626:user/release-keys'
2026-01-25 17:01:14.030 16273-16273 DEBUG                   crash_dump64                         A  Kernel Release: '6.6.82-android15-8-gd4aed7ed470e-ab13759939-4k'
2026-01-25 17:01:14.030 16273-16273 DEBUG                   crash_dump64                         A  Revision: 'MP1.0'
2026-01-25 17:01:14.030 16273-16273 DEBUG                   crash_dump64                         A  ABI: 'arm64'
2026-01-25 17:01:14.030 16273-16273 DEBUG                   crash_dump64                         A  Timestamp: 2026-01-25 17:01:13.898495552+0200
2026-01-25 17:01:14.030 16273-16273 DEBUG                   crash_dump64                         A  Process uptime: 17s
2026-01-25 17:01:14.030 16273-16273 DEBUG                   crash_dump64                         A  Executable: /system/bin/app_process64
2026-01-25 17:01:14.030 16273-16273 DEBUG                   crash_dump64                         A  Cmdline: com.example.kaosseffect
2026-01-25 17:01:14.030 16273-16273 DEBUG                   crash_dump64                         A  pid: 16183, tid: 16217, name: AAudio_1  >>> com.example.kaosseffect <<<
2026-01-25 17:01:14.030 16273-16273 DEBUG                   crash_dump64                         A  uid: 10494
2026-01-25 17:01:14.030 16273-16273 DEBUG                   crash_dump64                         A  tagged_addr_ctrl: 0000000000000001 (PR_TAGGED_ADDR_ENABLE)
2026-01-25 17:01:14.030 16273-16273 DEBUG                   crash_dump64                         A  pac_enabled_keys: 000000000000000f (PR_PAC_APIAKEY, PR_PAC_APIBKEY, PR_PAC_APDAKEY, PR_PAC_APDBKEY)
2026-01-25 17:01:14.030 16273-16273 DEBUG                   crash_dump64                         A  esr: 0000000092000006 (Data Abort Exception 0x24)
2026-01-25 17:01:14.030 16273-16273 DEBUG                   crash_dump64                         A  signal 11 (SIGSEGV), code 1 (SEGV_MAPERR), fault addr 0x0000000000000000 (read)
2026-01-25 17:01:14.030 16273-16273 DEBUG                   crash_dump64                         A  Cause: null pointer dereference
2026-01-25 17:01:14.030 16273-16273 DEBUG                   crash_dump64                         A      x0  0000000000000000  x1  0000000000000005  x2  fffffffffffffff8  x3  b4000071b1331dd0
2026-01-25 17:01:14.030 16273-16273 DEBUG                   crash_dump64                         A      x4  b40000715138c348  x5  b4000071b1331e58  x6  0000000000000000  x7  b4000071313510b3
2026-01-25 17:01:14.030 16273-16273 DEBUG                   crash_dump64                         A      x8  000000710a97e8a8  x9  0000000000000059  x10 00000000000000b2  x11 fffffffffffffff0
2026-01-25 17:01:14.030 16273-16273 DEBUG                   crash_dump64                         A      x12 000000000028b2f1  x13 000000007fffffff  x14 0000000000000000  x15 000097ad3e9abd5b
2026-01-25 17:01:14.030 16273-16273 DEBUG                   crash_dump64                         A      x16 00000073a299bfb8  x17 00000073a2911140  x18 00000070627ec000  x19 0000000000000059
2026-01-25 17:01:14.030 16273-16273 DEBUG                   crash_dump64                         A      x20 b4000072a1327260  x21 b4000071b1331b90  x22 000000710a95ba64  x23 b4000071e1395bd0
2026-01-25 17:01:14.030 16273-16273 DEBUG                   crash_dump64                         A      x24 b4000071e1395ce4  x25 00000070e0db5aa8  x26 00000070e0db5aa8  x27 00000070e0d5f3a0
2026-01-25 17:01:14.030 16273-16273 DEBUG                   crash_dump64                         A      x28 00000070e0d5f64d  x29 00000070638922d0
2026-01-25 17:01:14.030 16273-16273 DEBUG                   crash_dump64                         A      lr  000000710a9517bc  sp  0000007063892220  pc  000000710a9517c4  pst 0000000060001000
2026-01-25 17:01:14.030 16273-16273 DEBUG                   crash_dump64                         A      esr 0000000092000006
2026-01-25 17:01:14.030 16273-16273 DEBUG                   crash_dump64                         A  10 total frames
2026-01-25 17:01:14.030 16273-16273 DEBUG                   crash_dump64                         A  backtrace:
2026-01-25 17:01:14.030 16273-16273 DEBUG                   crash_dump64                         A        #00 pc 000000000002f7c4  /data/app/~~anwzz_bv2uhRDscWS3pEIA==/com.example.kaosseffect-rcI17XUwU9G6FVUYXmeOEg==/base.apk!libnative-lib.so (offset 0xe6c000) (AudioEngine::onAudioReady(oboe::AudioStream*, void*, int)+660) (BuildId: 483edfbf14d4ce76cd5ee5278d4fce655f772868)
2026-01-25 17:01:14.030 16273-16273 DEBUG                   crash_dump64                         A        #01 pc 000000000003b808  /data/app/~~anwzz_bv2uhRDscWS3pEIA==/com.example.kaosseffect-rcI17XUwU9G6FVUYXmeOEg==/base.apk!libnative-lib.so (offset 0xe6c000) (oboe::AudioStream::fireDataCallback(void*, int)+132) (BuildId: 483edfbf14d4ce76cd5ee5278d4fce655f772868)
2026-01-25 17:01:14.030 16273-16273 DEBUG                   crash_dump64                         A        #02 pc 0000000000039f0c  /data/app/~~anwzz_bv2uhRDscWS3pEIA==/com.example.kaosseffect-rcI17XUwU9G6FVUYXmeOEg==/base.apk!libnative-lib.so (offset 0xe6c000) (oboe::AudioStreamAAudio::callOnAudioReady(AAudioStreamStruct*, void*, int)+40) (BuildId: 483edfbf14d4ce76cd5ee5278d4fce655f772868)
2026-01-25 17:01:14.030 16273-16273 DEBUG                   crash_dump64                         A        #03 pc 000000000004f2b0  /system/lib64/libaaudio_internal.so (aaudio::AudioStream::dataCallbackInternal(void*, int)+128) (BuildId: a1b75a0f277c1f9b1518945b6c28199a)
2026-01-25 17:01:14.030 16273-16273 DEBUG                   crash_dump64                         A        #04 pc 0000000000052de8  /system/lib64/libaaudio_internal.so (aaudio::AudioStream::maybeCallDataCallback(void*, int)+136) (BuildId: a1b75a0f277c1f9b1518945b6c28199a)
2026-01-25 17:01:14.030 16273-16273 DEBUG                   crash_dump64                         A        #05 pc 0000000000047e90  /system/lib64/libaaudio_internal.so (aaudio::AudioStreamInternalPlay::callbackLoop()+928) (BuildId: a1b75a0f277c1f9b1518945b6c28199a)
2026-01-25 17:01:14.030 16273-16273 DEBUG                   crash_dump64                         A        #06 pc 00000000000524b8  /system/lib64/libaaudio_internal.so (aaudio::AudioStream::wrapUserThread()+184) (BuildId: a1b75a0f277c1f9b1518945b6c28199a)
2026-01-25 17:01:14.030 16273-16273 DEBUG                   crash_dump64                         A        #07 pc 0000000000052bac  /system/lib64/libaaudio_internal.so (aaudio::AudioStream_internalThreadProc(void*) (.cfi)+252) (BuildId: a1b75a0f277c1f9b1518945b6c28199a)
2026-01-25 17:01:14.030 16273-16273 DEBUG                   crash_dump64                         A        #08 pc 00000000000875d4  /apex/com.android.runtime/lib64/bionic/libc.so (__pthread_start(void*) (.__uniq.67847048707805468364044055584648682506)+180) (BuildId: 4a26e04ea2224937eb165e0d5fee74ad)
2026-01-25 17:01:14.030 16273-16273 DEBUG                   crash_dump64                         A        #09 pc 0000000000079e54  /apex/com.android.runtime/lib64/bionic/libc.so (__start_thread+68) (BuildId: 4a26e04ea2224937eb165e0d5fee74ad)
2026-01-25 17:01:14.039   759-759   tombstoned              tombstoned                           E  Tombstone written to: tombstone_17
2026-01-25 17:01:14.043  1668-16278 DropBoxManagerService   system_server                        I  add tag=data_app_native_crash isTagEnabled=true flags=0x2
2026-01-25 17:01:14.044  1668-2573  DropBoxManagerService   system_server                        I  add tag=SYSTEM_TOMBSTONE_PROTO_WITH_HEADERS isTagEnabled=true flags=0x4
2026-01-25 17:01:14.049  1668-16277 ActivityTaskManager     system_server                        W    Force finishing activity com.example.kaosseffect/.MainActivity
2026-01-25 17:01:14.050  1668-16277 TransitionChain         system_server                        W  Combining AR.finish-force-crash into #44671(CLOSE|R|0x10) from finishTopCrash
2026-01-25 17:01:14.052  1668-16277 WindowManager           system_server                        V  Defer transition id=44671 for TaskFragmentTransaction=android.os.Binder@3d8d81d
2026-01-25 17:01:14.052  1668-16277 WindowManager           system_server                        V  deferTransitionReady deferReadyDepth=1 stack=com.android.server.wm.TransitionController.deferTransitionReady:1014 com.android.server.wm.TaskFragmentOrganizerController$TaskFragmentOrganizerState.dispatchTransaction:508 com.android.server.wm.TaskFragmentOrganizerController.dispatchPendingEvents:1250 com.android.server.wm.TaskFragmentOrganizerController.dispatchPendingEvents:1219 com.android.server.wm.RootWindowContainer.performSurfacePlacementNoTrace:808
2026-01-25 17:01:14.053  1668-1789  ActivityManager         system_server                        I  Showing crash dialog for package com.example.kaosseffect u0
2026-01-25 17:01:14.053  1668-6317  WindowManager           system_server                        V  Continue transition id=44671 for TaskFragmentTransaction=android.os.Binder@3d8d81d
