2026-01-25 17:01:14.053  1668-6317  WindowManager           system_server                        V  continueTransitionReady deferReadyDepth=0 stack=com.android.server.wm.TransitionController.continueTransitionReady:1023 com.android.server.wm.TaskFragmentOrganizerController$TaskFragmentOrganizerState.onTransactionFinished:537 com.android.server.wm.TaskFragmentOrganizerController.onTransactionHandled:731 android.window.ITaskFragmentOrganizerController$Stub.onTransact:225 android.os.Binder.execTransactInternal:1441
2026-01-25 17:01:14.055  3016-3016  DropBoxStateSource      com...le.android.pixelsystemservice  D  onReceive: tag=data_app_native_crash time=1769353274044
2026-01-25 17:01:14.056  3016-3016  BusinessScope           com...le.android.pixelsystemservice  D  Enqueuing the block
2026-01-25 17:01:14.057  3016-3121  DropBoxStateSource      com...le.android.pixelsystemservice  D  onReceive: tag=data_app_native_crash time=1769353274044 packageName=com.example.kaosseffect
2026-01-25 17:01:14.057  3016-3121  BusinessScope           com...le.android.pixelsystemservice  D  Start running the #776860 block
2026-01-25 17:01:14.057  3016-3121  BusinessScope           com...le.android.pixelsystemservice  D  Enqueuing the block
2026-01-25 17:01:14.057  3016-3121  ImpulseStateSource      com...le.android.pixelsystemservice  D  Notify clients: 388393
2026-01-25 17:01:14.057  3016-3121  BusinessScope           com...le.android.pixelsystemservice  D  Finish running the #776860 block
2026-01-25 17:01:14.057  3016-3121  BusinessScope           com...le.android.pixelsystemservice  D  Start running the #776861 block
2026-01-25 17:01:14.057  3016-3121  BusinessScope           com...le.android.pixelsystemservice  D  Finish running the #776861 block
2026-01-25 17:01:14.058  2829-2869  WindowManagerShell      com.android.systemui                 V  Transition requested (#44671): android.os.BinderProxy@80d2773 TransitionRequestInfo { type = CLOSE, triggerTask = TaskInfo{userId=0 taskId=15475 effectiveUid=10494 displayId=0 isRunning=true baseIntent=Intent { act=android.intent.action.MAIN cat=[android.intent.category.LAUNCHER] flg=0x10200000 cmp=com.example.kaosseffect/.MainActivity } baseActivity=ComponentInfo{com.example.kaosseffect/com.example.kaosseffect.MainActivity} topActivity=ComponentInfo{com.example.kaosseffect/com.example.kaosseffect.MainActivity} origActivity=null realActivity=ComponentInfo{com.example.kaosseffect/com.example.kaosseffect.MainActivity} numActivities=1 lastActiveTime=4342963963 supportsMultiWindow=true resizeMode=1 isResizeable=true minWidth=-1 minHeight=-1 defaultMinSize=220 token=WCT{android.os.BinderProxy@148a47} topActivityType=1 pictureInPictureParams=null shouldDockBigOverlays=false launchIntoPipHostTaskId=-1 lastParentTaskIdBeforePip=-1 displayCutoutSafeInsets=Rect(0, 0 - 0, 0) topActivityInfo=ActivityInfo{5910630 com.example.kaosseffect.MainActivity} launchCookies=[android.os.BinderProxy@665839d] positionInParent=Point(0, 0) parentTaskId=-1 isFocused=true isVisible=true isVisibleRequested=true isTopActivityNoDisplay=false isSleeping=false locusId=null displayAreaFeatureId=1 isTopActivityTransparent=false isActivityStackTransparent=false lastNonFullscreenBounds=Rect(266, 695 - 814, 1775) capturedLink=null capturedLinkTimestamp=0 requestedVisibleTypes=-9 topActivityRequestOpenInBrowserEducationTimestamp=0 appCompatTaskInfo=AppCompatTaskInfo { topActivityInSizeCompat=false eligibleForLetterboxEducation= false isLetterboxEducationEnabled= false isLetterboxDoubleTapEnabled= false eligibleForUserAspectRatioButton= false topActivityBoundsLetterboxed= false isFromLetterboxDoubleTap= false topActivityLetterboxVerticalPosition= -1 topActivityLetterboxHorizontalPosition= -1 topActivityLetterboxWidth=-1 topActivityLetterboxHeight=-1 topActivityAppBounds=Rect(0, 173 - 1080, 2298) isUserFullscreenOverrideEnabled=false isSystemFullscreenOverrideEnabled=false hasMinAspectRatioOverride=false topActivityLetterboxBounds=null cameraCompatTaskInfo=CameraCompatTaskInfo { freeformCameraCompatMode=inactiveundefined} topNonResizableActivityAspectRatio=-1.0} topActivityMainWindowFrame=null isAppBubble=false}, pipChange = null, remoteTransition = null, displayChange = null, flags = 16, debugId = 44671 }
2026-01-25 17:01:14.062  3016-3016  DropBoxStateSource      com...le.android.pixelsystemservice  D  onReceive: tag=SYSTEM_TOMBSTONE_PROTO_WITH_HEADERS time=1769353274061
2026-01-25 17:01:14.062  3016-3016  BusinessScope           com...le.android.pixelsystemservice  D  Enqueuing the block
2026-01-25 17:01:14.063  3016-3121  BusinessScope           com...le.android.pixelsystemservice  D  Start running the #776862 block
2026-01-25 17:01:14.063  3016-3135  DropBoxStateSource      com...le.android.pixelsystemservice  E  DropBox entry does not have process name.
2026-01-25 17:01:14.063  3016-3135  DropBoxStateSource      com...le.android.pixelsystemservice  D  onReceive: tag=SYSTEM_TOMBSTONE_PROTO_WITH_HEADERS time=1769353274061 packageName=null
2026-01-25 17:01:14.063  3016-3135  BusinessScope           com...le.android.pixelsystemservice  D  Enqueuing the block
2026-01-25 17:01:14.063  3016-3135  ImpulseStateSource      com...le.android.pixelsystemservice  D  Notify clients: 388394
2026-01-25 17:01:14.063  3016-3135  BusinessScope           com...le.android.pixelsystemservice  D  Finish running the #776862 block
2026-01-25 17:01:14.063  3016-3135  BusinessScope           com...le.android.pixelsystemservice  D  Start running the #776863 block
2026-01-25 17:01:14.063  3016-3135  BusinessScope           com...le.android.pixelsystemservice  D  Finish running the #776863 block
2026-01-25 17:01:14.066  1668-2573  BootReceiver            system_server                        I  Copying /data/tombstones/tombstone_17 to DropBox (SYSTEM_TOMBSTONE)
2026-01-25 17:01:14.066  1668-2573  DropBoxManagerService   system_server                        I  add tag=SYSTEM_TOMBSTONE isTagEnabled=true flags=0x6
2026-01-25 17:01:14.075  3016-3016  DropBoxStateSource      com...le.android.pixelsystemservice  D  onReceive: tag=SYSTEM_TOMBSTONE time=1769353274074
2026-01-25 17:01:14.075  3016-3016  BusinessScope           com...le.android.pixelsystemservice  D  Enqueuing the block
2026-01-25 17:01:14.075  3016-4300  BusinessScope           com...le.android.pixelsystemservice  D  Start running the #776864 block
2026-01-25 17:01:14.076  1139-1139  WifiHAL                 ven...oogle.wifi_ext-service-vendor  I  index: 0 per_rate_size 32, data_rem_len 1152
2026-01-25 17:01:14.076  1139-1139  WifiHAL                 ven...oogle.wifi_ext-service-vendor  I  index: 1 per_rate_size 32, data_rem_len 1120
2026-01-25 17:01:14.076  1139-1139  WifiHAL                 ven...oogle.wifi_ext-service-vendor  I  index: 2 per_rate_size 32, data_rem_len 1088
2026-01-25 17:01:14.076  1139-1139  WifiHAL                 ven...oogle.wifi_ext-service-vendor  I  index: 3 per_rate_size 32, data_rem_len 1056
2026-01-25 17:01:14.076  1139-1139  WifiHAL                 ven...oogle.wifi_ext-service-vendor  I  index: 4 per_rate_size 32, data_rem_len 1024
2026-01-25 17:01:14.076  1139-1139  WifiHAL                 ven...oogle.wifi_ext-service-vendor  I  index: 5 per_rate_size 32, data_rem_len 992
2026-01-25 17:01:14.077  1139-1139  WifiHAL                 ven...oogle.wifi_ext-service-vendor  I  index: 6 per_rate_size 32, data_rem_len 960
2026-01-25 17:01:14.077  1139-1139  WifiHAL                 ven...oogle.wifi_ext-service-vendor  I  index: 7 per_rate_size 32, data_rem_len 928
2026-01-25 17:01:14.077  1139-1139  WifiHAL                 ven...oogle.wifi_ext-service-vendor  I  index: 8 per_rate_size 32, data_rem_len 896
2026-01-25 17:01:14.077  1139-1139  WifiHAL                 ven...oogle.wifi_ext-service-vendor  I  index: 9 per_rate_size 32, data_rem_len 864
2026-01-25 17:01:14.077  1139-1139  WifiHAL                 ven...oogle.wifi_ext-service-vendor  I  index: 10 per_rate_size 32, data_rem_len 832
2026-01-25 17:01:14.077  1139-1139  WifiHAL                 ven...oogle.wifi_ext-service-vendor  I  index: 11 per_rate_size 32, data_rem_len 800
2026-01-25 17:01:14.077  1139-1139  WifiHAL                 ven...oogle.wifi_ext-service-vendor  I  index: 12 per_rate_size 32, data_rem_len 768
2026-01-25 17:01:14.077  1139-1139  WifiHAL                 ven...oogle.wifi_ext-service-vendor  I  index: 13 per_rate_size 32, data_rem_len 736
2026-01-25 17:01:14.077  1139-1139  WifiHAL                 ven...oogle.wifi_ext-service-vendor  I  index: 14 per_rate_size 32, data_rem_len 704
2026-01-25 17:01:14.077  3016-3135  DropBoxStateSource      com...le.android.pixelsystemservice  E  DropBox entry does not have process name.
2026-01-25 17:01:14.077  3016-3135  DropBoxStateSource      com...le.android.pixelsystemservice  D  onReceive: tag=SYSTEM_TOMBSTONE time=1769353274074 packageName=null
2026-01-25 17:01:14.077  3016-3135  BusinessScope           com...le.android.pixelsystemservice  D  Enqueuing the block
2026-01-25 17:01:14.077  3016-3135  ImpulseStateSource      com...le.android.pixelsystemservice  D  Notify clients: 388395
2026-01-25 17:01:14.077  3016-3135  BusinessScope           com...le.android.pixelsystemservice  D  Finish running the #776864 block
2026-01-25 17:01:14.077  1139-1139  WifiHAL                 ven...oogle.wifi_ext-service-vendor  I  index: 15 per_rate_size 32, data_rem_len 672
2026-01-25 17:01:14.077  3016-3135  BusinessScope           com...le.android.pixelsystemservice  D  Start running the #776865 block
2026-01-25 17:01:14.077  3016-3135  BusinessScope           com...le.android.pixelsystemservice  D  Finish running the #776865 block
2026-01-25 17:01:14.078  1139-1139  WifiHAL                 ven...oogle.wifi_ext-service-vendor  I  index: 16 per_rate_size 32, data_rem_len 640
2026-01-25 17:01:14.078  1139-1139  WifiHAL                 ven...oogle.wifi_ext-service-vendor  I  index: 17 per_rate_size 32, data_rem_len 608
2026-01-25 17:01:14.078  1139-1139  WifiHAL                 ven...oogle.wifi_ext-service-vendor  I  index: 18 per_rate_size 32, data_rem_len 576
2026-01-25 17:01:14.078  1139-1139  WifiHAL                 ven...oogle.wifi_ext-service-vendor  I  index: 19 per_rate_size 32, data_rem_len 544
2026-01-25 17:01:14.078  1139-1139  WifiHAL                 ven...oogle.wifi_ext-service-vendor  I  index: 20 per_rate_size 32, data_rem_len 512
2026-01-25 17:01:14.078  1139-1139  WifiHAL                 ven...oogle.wifi_ext-service-vendor  I  index: 21 per_rate_size 32, data_rem_len 480
2026-01-25 17:01:14.078  1139-1139  WifiHAL                 ven...oogle.wifi_ext-service-vendor  I  index: 22 per_rate_size 32, data_rem_len 448
2026-01-25 17:01:14.078  1139-1139  WifiHAL                 ven...oogle.wifi_ext-service-vendor  I  index: 23 per_rate_size 32, data_rem_len 416
2026-01-25 17:01:14.078  1139-1139  WifiHAL                 ven...oogle.wifi_ext-service-vendor  I  index: 24 per_rate_size 32, data_rem_len 384
2026-01-25 17:01:14.078  1139-1139  WifiHAL                 ven...oogle.wifi_ext-service-vendor  I  index: 25 per_rate_size 32, data_rem_len 352
2026-01-25 17:01:14.078  1139-1139  WifiHAL                 ven...oogle.wifi_ext-service-vendor  I  index: 26 per_rate_size 32, data_rem_len 320
2026-01-25 17:01:14.078  1139-1139  WifiHAL                 ven...oogle.wifi_ext-service-vendor  I  index: 27 per_rate_size 32, data_rem_len 288
2026-01-25 17:01:14.078  1139-1139  WifiHAL                 ven...oogle.wifi_ext-service-vendor  I  index: 28 per_rate_size 32, data_rem_len 256
2026-01-25 17:01:14.078  1139-1139  WifiHAL                 ven...oogle.wifi_ext-service-vendor  I  index: 29 per_rate_size 32, data_rem_len 224
2026-01-25 17:01:14.078  1139-1139  WifiHAL                 ven...oogle.wifi_ext-service-vendor  I  index: 30 per_rate_size 32, data_rem_len 192
2026-01-25 17:01:14.078  1139-1139  WifiHAL                 ven...oogle.wifi_ext-service-vendor  I  index: 31 per_rate_size 32, data_rem_len 160
2026-01-25 17:01:14.078  1139-1139  WifiHAL                 ven...oogle.wifi_ext-service-vendor  I  index: 32 per_rate_size 32, data_rem_len 128
2026-01-25 17:01:14.078  1139-1139  WifiHAL                 ven...oogle.wifi_ext-service-vendor  I  index: 33 per_rate_size 32, data_rem_len 96
2026-01-25 17:01:14.078  1139-1139  WifiHAL                 ven...oogle.wifi_ext-service-vendor  I  index: 34 per_rate_size 32, data_rem_len 64
2026-01-25 17:01:14.078  1139-1139  WifiHAL                 ven...oogle.wifi_ext-service-vendor  I  index: 35 per_rate_size 32, data_rem_len 32
2026-01-25 17:01:14.079  1139-1139  WifiHAL                 ven...oogle.wifi_ext-service-vendor  I  Getting cached scan results, iface handle = 0xb400007baf379010
2026-01-25 17:01:14.079  1139-1139  WifiHAL                 ven...oogle.wifi_ext-service-vendor  E  Creating message to get cached scan results
2026-01-25 17:01:14.085  1139-1139  WifiHAL                 ven...oogle.wifi_ext-service-vendor  I  In GetCachedScanResultsCommand::handleResponse
2026-01-25 17:01:14.086  1143-18231 AAudioClientTracker     audioserver                          W  binderDied() close abandoned stream 0x00000402
2026-01-25 17:01:14.086  1143-16212 AAudioServiceStreamBase audioserver                          D  run() got COMMAND opcode 4 after 257 loops
2026-01-25 17:01:14.086  1668-3351  WindowManager           system_server                        I  WIN DEATH: Window{b838fd9 u0 com.example.kaosseffect/com.example.kaosseffect.MainActivity}
2026-01-25 17:01:14.087   750-750   powerhal-libperfmgr     and...ower-service.pixel-libperfmgr  W  sched_setattr failed for thread 16220, err=3
2026-01-25 17:01:14.087   750-750   powerhal-libperfmgr     and...ower-service.pixel-libperfmgr  W  sched_setattr failed for thread 16221, err=3
2026-01-25 17:01:14.087   750-750   powerhal-libperfmgr     and...ower-service.pixel-libperfmgr  W  sched_setattr failed for thread 16199, err=3
2026-01-25 17:01:14.087  1668-4780  MediaFocusControl       system_server                        I  AudioFocus  removeFocusStackEntryOnDeath(): removing entry for android.os.BinderProxy@5c924a1
2026-01-25 17:01:14.087  1668-3300  ImeTracker              system_server                        I  com.example.kaosseffect:882adaf6: onRequestHide at ORIGIN_SERVER reason HIDE_REMOVE_CLIENT fromUser false
2026-01-25 17:01:14.087  1668-3300  ImeTracker              system_server                        I  com.example.kaosseffect:882adaf6: onCancelled at PHASE_SERVER_SHOULD_HIDE
2026-01-25 17:01:14.087  1049-1049  Zygote                  zygote64                             I  Process 16183 exited due to signal 11 (Segmentation fault)
2026-01-25 17:01:14.088  1340-2870  AidlBufferPool          media.swcodec                        D  bufferpool2 0xb4000073684cecd8 : 0(0 size) total buffers - 0(0 size) used buffers - 0/0 (recycle/alloc) - 0/0 (fetch/transfer)
2026-01-25 17:01:14.088  1340-2870  AidlBufferPool          media.swcodec                        D  Destruction - bufferpool2 0xb4000073684cecd8 cached: 0/0M, 0/0% in use; allocs: 0, 0% recycled; transfers: 0, 0% unfetched
2026-01-25 17:01:14.088  1340-2870  mediaswcodec            media.swcodec                        E  unlinkToDeath: removed reference to death recipient but unlink failed: DEAD_OBJECT
2026-01-25 17:01:14.088  1668-6317  ActivityManager         system_server                        I  Process com.example.kaosseffect (pid 16183) has died: fg  TOP
2026-01-25 17:01:14.089  1294-14336 MediaBufferGroup        media.extractor                      E  buffer(0xb4000074804a34e0) has residual remoteRefcount 1
2026-01-25 17:01:14.090  1068-17947 ASvc::AudioExtension    and...rdware.audio.service-aidl.aoc  I  getDcHandler
2026-01-25 17:01:14.090  1340-2870  AidlBufferPool          media.swcodec                        D  bufferpool2 0xb4000073684db3b8 : 0(0 size) total buffers - 0(0 size) used buffers - 0/0 (recycle/alloc) - 0/0 (fetch/transfer)
2026-01-25 17:01:14.090  1340-2870  AidlBufferPool          media.swcodec                        D  Destruction - bufferpool2 0xb4000073684db3b8 cached: 0/0M, 0/0% in use; allocs: 0, 0% recycled; transfers: 0, 0% unfetched
2026-01-25 17:01:14.090  1340-2870  libbinder....hreadState media.swcodec                        E  attemptIncStrongHandle(27): Not supported
2026-01-25 17:01:14.090 26225-26225 bluetooth               com.google.android.bluetooth         I  system/btif/avrcp/avrcp_service.cc:532 SendMediaUpdate: track_changed=false :  play_state=true :  queue=false
2026-01-25 17:01:14.091 26225-26225 MediaControlProfile     com.google.android.bluetooth         E  onCurrentPlayerStateUpdated: base actions not supported, player actions= 0, expected at least= 7f
2026-01-25 17:01:14.091 26225-26225 MediaControlGattService com.google.android.bluetooth         W  Feature PLAYBACK_SPEED support: true
2026-01-25 17:01:14.091 26225-26225 MediaControlGattService com.google.android.bluetooth         W  Feature PLAYBACK_SPEED support: true
2026-01-25 17:01:14.091 26225-26225 MediaControlGattService com.google.android.bluetooth         W  Feature PLAYBACK_SPEED support: true
2026-01-25 17:01:14.091 26225-26225 MediaControlGattService com.google.android.bluetooth         W  Feature PLAYBACK_SPEED_NOTIFY support: true
2026-01-25 17:01:14.092 10518-10518 adbd                    adbd                                 I  Remote process closed the socket (on MSG_PEEK)
2026-01-25 17:01:14.092  1068-6189  ASvc::DcHandler         and...rdware.audio.service-aidl.aoc  I  setIsAnyPlaybackActive: false
2026-01-25 17:01:14.092 26225-26225 BluetoothA...Properties com.google.android.bluetooth         I  getBondedDevices: length=6
2026-01-25 17:01:14.092  1668-16277 TransitionChain         system_server                        W  Combining appCrash into #44671(CLOSE|R|0x10) from finishTopCrash
2026-01-25 17:01:14.092  1668-16277 ActivityTaskManager     system_server                        W    Force finishing activity com.example.kaosseffect/.MainActivity
2026-01-25 17:01:14.092 26225-26225 BluetoothA...Properties com.google.android.bluetooth         I  getBondedDevices: length=6
2026-01-25 17:01:14.092 26225-26225 BluetoothMcpService     com.google.android.bluetooth         E  MCS access not permitted
2026-01-25 17:01:14.092 26225-26225 MediaControlGattService com.google.android.bluetooth         W  Feature TRACK_POSITION support: true
2026-01-25 17:01:14.092 26225-26225 MediaControlGattService com.google.android.bluetooth         W  Feature TRACK_POSITION_NOTIFY support: true
2026-01-25 17:01:14.092 26225-26225 MediaControlGattService com.google.android.bluetooth         W  Feature MEDIA_STATE support: true
2026-01-25 17:01:14.092 26225-26225 MediaControlGattService com.google.android.bluetooth         W  Feature MEDIA_STATE support: true
2026-01-25 17:01:14.093 26225-26225 BluetoothA...Properties com.google.android.bluetooth         I  getBondedDevices: length=6
2026-01-25 17:01:14.093  1143-16211 AAudioServiceStreamBase audioserver                          D  run() got COMMAND opcode 11 after 3224 loops
2026-01-25 17:01:14.093 26225-26225 BluetoothA...Properties com.google.android.bluetooth         I  getBondedDevices: length=6
2026-01-25 17:01:14.093 26225-26225 BluetoothMcpService     com.google.android.bluetooth         E  MCS access not permitted
2026-01-25 17:01:14.093 26225-26225 MediaControlGattService com.google.android.bluetooth         W  Feature MEDIA_CONTROL_POINT_OPCODES_SUPPORTED support: true
2026-01-25 17:01:14.093 26225-26225 MediaControlGattService com.google.android.bluetooth         W  Feature MEDIA_STATE support: true
2026-01-25 17:01:14.093 26225-26225 MediaControlGattService com.google.android.bluetooth         W  Feature MEDIA_STATE support: true
2026-01-25 17:01:14.093 26225-26225 BluetoothA...Properties com.google.android.bluetooth         I  getBondedDevices: length=6
2026-01-25 17:01:14.094  1668-3184  AppOps                  system_server                        E  attributionTag  not declared in manifest of com.example.kaosseffect
2026-01-25 17:01:14.095 26225-26225 BluetoothA...Properties com.google.android.bluetooth         I  getBondedDevices: length=6
2026-01-25 17:01:14.095 26225-26225 BluetoothMcpService     com.google.android.bluetooth         E  MCS access not permitted
2026-01-25 17:01:14.095 26225-26225 MediaControlGattService com.google.android.bluetooth         W  Feature MEDIA_STATE support: true
2026-01-25 17:01:14.095 26225-26225 MediaControlGattService com.google.android.bluetooth         W  Feature SEEKING_SPEED support: true
2026-01-25 17:01:14.095 26225-26225 MediaControlGattService com.google.android.bluetooth         W  Feature SEEKING_SPEED support: true
2026-01-25 17:01:14.095 26225-26225 MediaControlGattService com.google.android.bluetooth         W  Feature SEEKING_SPEED support: true
2026-01-25 17:01:14.096  1668-1791  ActivityManager         system_server                        W  setHasOverlayUi called on unknown pid: 16183
2026-01-25 17:01:14.096  1668-16277 ActivityManager         system_server                        W  Ignoring remove of inactive process: ProcessRecord{40c0e90 0:com.example.kaosseffect/u0a494}
2026-01-25 17:01:14.097  1300-28916 ResourceManagerMetrics  mediaserver                          I  onProcessTerminated: Application/Process(16183:10494) terminated with reason: 0. TotalClientsCreated: 117977  TotalClientsKilled: 2123
2026-01-25 17:01:14.097  1300-28916 ResourceManagerMetrics  mediaserver                          I  pushCodecUsageMetrics: No Video Codec Entry for Application[pid(16183): uid(10494)]
2026-01-25 17:01:14.097  1300-27845 mediaserver             mediaserver                          E  unlinkToDeath: removed reference to death recipient but unlink failed: DEAD_OBJECT
2026-01-25 17:01:14.097  1300-28916 ResourceManagerMetrics  mediaserver                          I  pushCodecUsageMetrics: Concurrent Codec Usage Report for the Process[pid(16183): uid(10494) is Killed] is Peak { AudioDec[ SW: 1 ] } Peak Pixels: 0. Peak Codec Memory: 0 Total Codecs: 117977 Killed Codec: 2123
2026-01-25 17:01:14.097  1300-27845 libbinder....hreadState mediaserver                          E  attemptIncStrongHandle(52): Not supported
2026-01-25 17:01:14.097 29046-29046 ViewRootImpl            com...le.android.apps.nexuslauncher  D  Skipping stats log for color mode
2026-01-25 17:01:14.098 29046-29046 BaseActivity            com...le.android.apps.nexuslauncher  D  Launcher flags updated: [state_started] +[state_started]
2026-01-25 17:01:14.098 29046-29046 BaseActivity            com...le.android.apps.nexuslauncher  D  Launcher flags updated: [state_started|state_resumed|state_user_active] +[state_resumed|state_user_active]
2026-01-25 17:01:14.098 29046-29046 BaseActivity            com...le.android.apps.nexuslauncher  D  Launcher flags updated: [state_started|state_resumed|state_deferred_resumed|state_user_active] +[state_deferred_resumed]
2026-01-25 17:01:14.098 29046-29046 StatsLog                com...le.android.apps.nexuslauncher  D  LAUNCHER_ONRESUME
2026-01-25 17:01:14.099 29046-29046 NexusLaunc...elDelegate com...le.android.apps.nexuslauncher  D  notifySmartspaceEvent: SmartspaceTargetEvent{mSmartspaceTarget=null, mSmartspaceActionId='null', mEventType=6}
2026-01-25 17:01:14.103 29046-29072 QuickstepModelDelegate  com...le.android.apps.nexuslauncher  D  notifyAppTargetEvent action=1 launchLocation=
2026-01-25 17:01:14.105  1668-2689  WifiClient...579:wlan0] system_server                        D  updateLinkLayerStatsRssiSpeedFrequencyCapabilities rssi=-50 TxLinkspeed=780 freq=5180 RxLinkSpeed=650
2026-01-25 17:01:14.105  1668-2689  WifiDataStall           system_server                        D  tx tput in kbps: 697582
2026-01-25 17:01:14.105  1668-2689  WifiDataStall           system_server                        D  rx tput in kbps: 611914
2026-01-25 17:01:14.105  1668-2689  WifiConfigManager       system_server                        V  Updating scan detail cache freq=5180 BSSID=70:3a:cb:89:b4:38 RSSI=-49 for "interstellar"WPA_PSK
2026-01-25 17:01:14.105  1668-2689  WifiDataStall           system_server                        D   use default cca Level
2026-01-25 17:01:14.105  1668-2689  WifiDataStall           system_server                        D   ccaLevel = 15
2026-01-25 17:01:14.105  1668-2689  WifiDataStall           system_server                        D  L2 txTputKbps: 697582, rxTputKbps: 611914, L3 txTputKbps: 0, rxTputKbps: 0, TxTrafficHigh: false, RxTrafficHigh: false, Throughput Sufficient: true
2026-01-25 17:01:14.106 29046-29046 SsBaseTemplateCard      com...le.android.apps.nexuslauncher  D  No text view can be set up
2026-01-25 17:01:14.106 29046-29046 SsBaseTemplateCard      com...le.android.apps.nexuslauncher  I  setFormattedContentDescription: text=-14°C, iconDescription=Cloudy, contentDescription=Cloudy, -14°C
2026-01-25 17:01:14.106 29046-29046 SsBaseTemplateCard      com...le.android.apps.nexuslauncher  D  Passed-in item info is null
2026-01-25 17:01:14.106 29046-29046 SsBaseTemplateCard      com...le.android.apps.nexuslauncher  D  Passed-in item info is null
2026-01-25 17:01:14.106 29046-29046 SsBaseTemplateCard      com...le.android.apps.nexuslauncher  I  Secondary card pane is null
2026-01-25 17:01:14.109 29046-29046 BaseDepthController     com...le.android.apps.nexuslauncher  D  setSurface:
                                                                                                    	mWaitingOnSurfaceValidity: false
                                                                                                    	mBaseSurface: Surface(name=com.google.android.apps.nexuslauncher/com.google.android.apps.nexuslauncher.NexusLauncherActivity)/@0xacc3476
2026-01-25 17:01:14.109 29046-29046 BaseDepthController     com...le.android.apps.nexuslauncher  V  Applying blur: 79 to Surface(name=com.google.android.apps.nexuslauncher/com.google.android.apps.nexuslauncher.NexusLauncherActivity)/@0xacc3476
2026-01-25 17:01:14.110  1668-1815  libprocessgroup         system_server                        I  Removed cgroup /sys/fs/cgroup/apps/uid_10494/pid_16183
2026-01-25 17:01:14.110  1668-2748  Background...rolService system_server                        D  Package event received: 0
2026-01-25 17:01:14.110  2829-3014  WallpaperService        com.android.systemui                 D  onVisibilityChanged(true): com.android.systemui.wallpapers.ImageWallpaper$CanvasEngine@a9618e1
2026-01-25 17:01:14.110  1294-2880  libbinder....hreadState media.extractor                      E  Binder transaction failure. id: 1494753684, BR_*: 29189, error: -22 (Invalid argument)
2026-01-25 17:01:14.111  1668-2689  WifiThroughputPredictor system_server                        D   utilization (LLS) -1 isBluetoothConnected: false final utilization: 15
2026-01-25 17:01:14.111  1668-2689  WifiThroughputPredictor system_server                        D   BW: 2 RSSI: -50 Nss: 2 Mode: 5 symDur: 3600 snrDb 24 bitPerTone: 6667 rate: 866 throughput: 815
2026-01-25 17:01:14.111  1668-2689  WifiThroughputPredictor system_server                        D   utilization (LLS) -1 isBluetoothConnected: false final utilization: 15
2026-01-25 17:01:14.111  1668-2748  Background...rolService system_server                        D  Package event received: 0
2026-01-25 17:01:14.111  1668-2689  WifiThroughputPredictor system_server                        D   BW: 2 RSSI: -50 Nss: 2 Mode: 5 symDur: 3600 snrDb 24 bitPerTone: 6667 rate: 866 throughput: 815
2026-01-25 17:01:14.111  1668-2748  Background...rolService system_server                        D  Package event received: 0
2026-01-25 17:01:14.113  1668-2689  WifiScoreCard           system_server                        D  BSSID update SIGNAL_POLL ID: 2069775146 SSID: "interstellar", BSSID: 70:3a:cb:89:b4:38, MAC: ae:6f:f3:49:42:8c, IP: /192.168.86.26, Security type: 2, Supplicant state: COMPLETED, Wi-Fi standard: 11ac, RSSI: -50, Link speed: 780Mbps, Tx Link speed: 780Mbps, Max Supported Tx Link speed: 866Mbps, Rx Link speed: 650Mbps, Max Supported Rx Link speed: 866Mbps, Frequency: 5180MHz, Net ID: 77, Metered hint: false, score: 60, isUsable: true, CarrierMerged: false, SubscriptionId: -1, IsPrimary: 1, Trusted: true, Restricted: false, Ephemeral: false, OEM paid: false, OEM private: false, OSU AP: false, FQDN: <none>, Provider friendly name: <none>, Requesting package name: <none>"interstellar"wpa2-pskMLO Information: , Is TID-To-Link negotiation supported by the AP: false, AP MLD Address: <none>, AP MLO Link Id: <none>, AP MLO Affiliated links: <none>, Vendor Data: <none>
2026-01-25 17:01:14.113  1668-2689  WifiScoreCard           system_server                        D  txRate: 1 txSpeed: 780
2026-01-25 17:01:14.113  1668-2689  WifiScoreCard           system_server                        D  network update SIGNAL_POLL "interstellar" ID: 1457281875 RSSI -50 txSpeed -1
2026-01-25 17:01:14.114  1668-2689  WifiClient...579:wlan0] system_server                        D   ClientModeImpl$L2ConnectedState screen=on 240 0 "interstellar" 70:3a:cb:89:b4:38 rssi=-50 f=5180 sc=60 link=780 tx=0.0, 0.0, 0.0 rx=0.0 bcn=10594062 [on:90 tx:0 rx:0 period:3093] from screen [on:244998 period:1065241] score=60
2026-01-25 17:01:14.114  3016-7173  UidImportanceSource     com...le.android.pixelsystemservice  D  onUidImportanceBlock: uid=10494 importance=1000
2026-01-25 17:01:14.114  3016-7173  UidImportanceSource     com...le.android.pixelsystemservice  D  onUidImportanceBlock: packages=[com.example.kaosseffect] importance=1000
2026-01-25 17:01:14.114  3016-7173  UidImportanceSource     com...le.android.pixelsystemservice  D  onUidImportanceBlock: packageName=com.example.kaosseffect importance=1000
2026-01-25 17:01:14.114  3016-7173  BusinessScope           com...le.android.pixelsystemservice  D  Enqueuing the block
2026-01-25 17:01:14.115  3016-7173  UidImportanceSource     com...le.android.pixelsystemservice  D  onUidImportanceBlock: uid=10235 importance=100
2026-01-25 17:01:14.115  3016-7173  UidImportanceSource     com...le.android.pixelsystemservice  D  onUidImportanceBlock: packages=[com.google.android.apps.nexuslauncher] importance=100
2026-01-25 17:01:14.115  3016-3121  BusinessScope           com...le.android.pixelsystemservice  D  Start running the #776866 block
2026-01-25 17:01:14.115  3016-7173  UidImportanceSource     com...le.android.pixelsystemservice  D  onUidImportanceBlock: packageName=com.google.android.apps.nexuslauncher importance=100
2026-01-25 17:01:14.115  3016-7173  BusinessScope           com...le.android.pixelsystemservice  D  Enqueuing the block
2026-01-25 17:01:14.115  3016-3121  BusinessScope           com...le.android.pixelsystemservice  D  Enqueuing the block
2026-01-25 17:01:14.115  3016-3121  ImpulseStateSource      com...le.android.pixelsystemservice  D  Notify clients: 388396
2026-01-25 17:01:14.115  3016-3121  BusinessScope           com...le.android.pixelsystemservice  D  Finish running the #776866 block
2026-01-25 17:01:14.115  3016-3121  BusinessScope           com...le.android.pixelsystemservice  D  Start running the #776867 block
2026-01-25 17:01:14.115  3016-3121  BusinessScope           com...le.android.pixelsystemservice  D  Enqueuing the block
2026-01-25 17:01:14.115  3016-3121  ImpulseStateSource      com...le.android.pixelsystemservice  D  Notify clients: 388397
2026-01-25 17:01:14.115  3016-3121  BusinessScope           com...le.android.pixelsystemservice  D  Finish running the #776867 block
2026-01-25 17:01:14.115  3016-3121  BusinessScope           com...le.android.pixelsystemservice  D  Start running the #776868 block
2026-01-25 17:01:14.115  3016-3121  BusinessScope           com...le.android.pixelsystemservice  D  Finish running the #776868 block
2026-01-25 17:01:14.115  3016-3121  BusinessScope           com...le.android.pixelsystemservice  D  Start running the #776869 block
2026-01-25 17:01:14.115  3016-3121  BusinessScope           com...le.android.pixelsystemservice  D  Finish running the #776869 block
2026-01-25 17:01:14.116  1668-4786  AppOps                  system_server                        E  attributionTag  not declared in manifest of com.example.kaosseffect
2026-01-25 17:01:14.116  1668-4786  AppOps                  system_server                        E  Operation not started: uid=10494 pkg=com.example.kaosseffect(null) op=CONTROL_AUDIO
2026-01-25 17:01:14.116  1143-16211 StreamHalAidl           audioserver                          D  [out|ioHandle:11117] stop
2026-01-25 17:01:14.116  1143-16211 StreamHalAidl           audioserver                          D  [out|ioHandle:11117] drain
2026-01-25 17:01:14.117  1068-16209 AHal::Stream            and...rdware.audio.service-aidl.aoc  I  Stop: stop stream mmap-playback
2026-01-25 17:01:14.118 29046-29046 NotificationListener    com...le.android.apps.nexuslauncher  I  Handling notification state refresh for com.google.android.gm#0
2026-01-25 17:01:14.118 29046-29046 NotificationListener    com...le.android.apps.nexuslauncher  I  Handling notification state refresh for com.whoop.android#0
2026-01-25 17:01:14.118 29046-29046 NotificationListener    com...le.android.apps.nexuslauncher  I  Handling notification state refresh for com.jetbrains.youtrack.mobile.app#0
2026-01-25 17:01:14.118 29046-29046 NotificationListener    com...le.android.apps.nexuslauncher  I  Handling notification state refresh for com.jetbrains.youtrack.mobile.app#0
2026-01-25 17:01:14.118 29046-29046 NotificationListener    com...le.android.apps.nexuslauncher  I  Handling notification state refresh for com.google.android.permissioncontroller#0
2026-01-25 17:01:14.119  1068-16209 AHal::Router            and...rdware.audio.service-aidl.aoc  I  Deactivate: deactivate 404917
2026-01-25 17:01:14.119  1068-16209 AHal::Router            and...rdware.audio.service-aidl.aoc  I  InvalidateLocked: new graph #77231 Edges(0):
2026-01-25 17:01:14.119  1068-16209 AHal::Router            and...rdware.audio.service-aidl.aoc  I  InvalidateLocked: ============ apply graph #77231 [Sun Jan 25 17:01:14 2026] start ============
2026-01-25 17:01:14.119  1068-16209 AHal::Waves             and...rdware.audio.service-aidl.aoc  I  UpdateActiveDevices: removing speaker
2026-01-25 17:01:14.119  1068-16209 AHal::DeviceInterface   and...rdware.audio.service-aidl.aoc  I  Disconnect: disconnect mmap-playback-0 -> speaker
2026-01-25 17:01:14.121  1359-1359  AOC                     aocd                                 D  F1:MSG: controller.cc, 275: AudioOutCtrl: cmd ID: 0x00c9, tag: 0xc8 [cntr = 149529]
2026-01-25 17:01:14.121  1359-1359  AOC                     aocd                                 D  F1:MSG: controller.cc, 933: AudioOutCtrl: ipc: audio_output_co, cmd ID: 0x00c9, tag: 0xc8, rc: 0
2026-01-25 17:01:14.121  1359-1359  AOC                     aocd                                 D  H0:Mixer AMixSPKR Input 0 RB overflow. Resyncing.
2026-01-25 17:01:14.121  1359-1359  AOC                     aocd                                 D  A3:MSG: controller.cc, 933: SysMem: ipc: C-F1-Ar, cmd ID: 0x00c8, tag: 0x2f, rc: 0
2026-01-25 17:01:14.121  1359-1359  AOC                     aocd                                 D  A3:MSG: controller.cc, 933: CPM_IPC_HOST: ipc: C-F1-AC, cmd ID: 0x00cb, tag: 0x8e, rc: 0
2026-01-25 17:01:14.121  1359-1359  AOC                     aocd                                 D  A3:MSG: controller.cc, 933: SysMem: ipc: C-F1-Ar, cmd ID: 0x00c8, tag: 0x30, rc: 0
2026-01-25 17:01:14.121  1359-1359  AOC                     aocd                                 D  A3:MSG: controller.cc, 933: SysMem: ipc: C-F1-Ar, cmd ID: 0x00c8, tag: 0x31, rc: 0
2026-01-25 17:01:14.121  1359-1359  AOC                     aocd                                 D  F1:MSG: controller.cc, 275: AudioOutCtrl: cmd ID: 0x010f, tag: 0xc9 [cntr = 149530]
2026-01-25 17:01:14.121  1359-1359  AOC                     aocd                                 D  F1:Unregistered Source 0 [UltraLL] from Sink 0 [Speaker]
2026-01-25 17:01:14.121  1359-1359  AOC                     aocd                                 D  F1:AT Map:0 (LL:0), 0 EPs active, Power: Yes, Config: No
2026-01-25 17:01:14.121  1359-1359  AOC                     aocd                                 D  F1:Mixer 0 configuration changed: (0)
2026-01-25 17:01:14.121  1359-1359  AOC                     aocd                                 D  F1:Sink 0 Configuration changed: ULL (disabled)
2026-01-25 17:01:14.121  1359-1359  AOC                     aocd                                 D  F1:MSG: lpcm.cc, 106: Int PLL deinitialized
2026-01-25 17:01:14.121  1668-1811  ActivityManager         system_server                        D  sync unfroze 758 com.google.android.apps.pixel.dcservice for 3
2026-01-25 17:01:14.121  1359-1359  AOC                     aocd                                 D  F1:MSG: lpcm.cc, 143: Usage PLL audio = 0x0
2026-01-25 17:01:14.126  1359-1359  AOC                     aocd                                 D  F1:[Idle Tracker] long no idle:[0] average between idle:[0.100749ms] max no idle:[34.007376ms]
2026-01-25 17:01:14.126  1359-1359  AOC                     aocd                                 D  F1:MSG: controller.cc, 933: AudioOutCtrl: ipc: audio_output_co, cmd ID: 0x010f, tag: 0xc9, rc: 0
2026-01-25 17:01:14.126  1359-1359  AOC                     aocd                                 D  H0:Mixer AMixSPKR: 480 samples (0000/0000) (OFF SC LC) multi out OFF
2026-01-25 17:01:14.126  1359-1359  AOC                     aocd                                 D  H0:Mixer configuration updated
2026-01-25 17:01:14.126  1359-1359  AOC                     aocd                                 D  H0:[Idle Tracker] long no idle:[0] average between idle:[2.288525ms] max no idle:[77.877980ms]
2026-01-25 17:01:14.126  1359-1359  AOC                     aocd                                 D  H0:AMixSPKR meas core clock [757 frames] min/max/avg: 381/574/573 MHz | core votes 192 144 576 144 | overall 576
2026-01-25 17:01:14.126  1359-1359  AOC                     aocd                                 D  A3:MSG: controller.cc, 933: CPM_IPC_HOST: ipc: C-F1-AC, cmd ID: 0x00cb, tag: 0x8f, rc: 0
2026-01-25 17:01:14.128  2829-18606 WindowManagerShell      com.android.systemui                 V  onTransitionReady(transaction=7164008854491)
2026-01-25 17:01:14.128  2829-2869  WindowManagerShell      com.android.systemui                 V  onTransitionReady (#44671) android.os.BinderProxy@80d2773: {id=44671 t=CLOSE f=0x10 trk=0 r=[0@Point(0, 0)] c=[
                                                                                                            {m=TO_FRONT f=SHOW_WALLPAPER|MOVE_TO_TOP leash=Surface(name=Task=1)/@0x7c272a9 sb=Rect(0, 0 - 1080, 2424) eb=Rect(0, 0 - 1080, 2424) epz=Point(1080, 2424) d=0 taskParent=-1 winMode=1},
                                                                                                            {m=CLOSE f=NONE leash=Surface(name=Task=15475)/@0x470802e sb=Rect(0, 0 - 1080, 2424) eb=Rect(0, 0 - 1080, 2424) epz=Point(1080, 2424) d=0 taskParent=-1 winMode=1},
                                                                                                            {m=TO_FRONT f=IS_WALLPAPER leash=Surface(name=WallpaperWindowToken{fc6d111})/@0xc88c7cf sb=Rect(0, 0 - 1080, 2424) eb=Rect(0, 0 - 1080, 2424) epz=Point(1080, 2424) d=0}
                                                                                                        ]}
2026-01-25 17:01:14.129  2829-2869  WindowManagerShell      com.android.systemui                 V  Playing animation for (#44671) android.os.BinderProxy@80d2773@0
2026-01-25 17:01:14.129  2829-2869  ShellRecents            com.android.systemui                 V  RecentsTransitionHandler.startAnimation: no controller found
2026-01-25 17:01:14.130   758-758   ForwardBroadcastListene com....android.apps.pixel.dcservice  I  Receive forward intent: com.google.android.apps.pixel.dcservice.monitor.ACTION_MONITOR_MEDIA_PLAYBACK_STOPPED
2026-01-25 17:01:14.130   758-758   PowerSavingModeHandler  com....android.apps.pixel.dcservice  I  onReceive ACTION_MONITOR_MEDIA_PLAYBACK_STOPPED
2026-01-25 17:01:14.130  2829-2869  WindowManagerShell      com.android.systemui                 V  Transition doesn't have explicit remote, search filters for match for {id=44671 t=CLOSE f=0x10 trk=0 r=[0@Point(0, 0)] c=[{m=TO_FRONT f=SHOW_WALLPAPER|MOVE_TO_TOP leash=Surface(name=Task=1)/@0x7c272a9 sb=Rect(0, 0 - 1080, 2424) eb=Rect(0, 0 - 1080, 2424) epz=Point(1080, 2424) d=0 taskParent=-1 winMode=1},{m=CLOSE f=NONE leash=Surface(name=Task=15475)/@0x470802e sb=Rect(0, 0 - 1080, 2424) eb=Rect(0, 0 - 1080, 2424) epz=Point(1080, 2424) d=0 taskParent=-1 winMode=1},{m=TO_FRONT f=IS_WALLPAPER leash=Surface(name=WallpaperWindowToken{fc6d111})/@0xc88c7cf sb=Rect(0, 0 - 1080, 2424) eb=Rect(0, 0 - 1080, 2424) epz=Point(1080, 2424) d=0}]}
2026-01-25 17:01:14.130  2829-2869  WindowManagerShell      com.android.systemui                 V   Checking filter Pair{{types=[] flags=0x0] notFlags=0x0 checks=[{atype=undefined independent=true modes=[CLOSE,TO_BACK] flags=IN_TASK_WITH_EMBEDDED_ACTIVITY mustBeTask=false order=ANY topActivity=null launchCookie=null taskFragmentToken=android.os.BinderProxy@fffe7aa windowingMode=undefined}]} RemoteTransition { remoteTransition = android.window.IRemoteTransition$Stub$Proxy@79f9b, appThread = android.app.IApplicationThread$Stub$Proxy@2c25f38, debugName = overlayBackTransition }}
2026-01-25 17:01:14.130  2829-2869  WindowManagerShell      com.android.systemui                 V   Checking filter Pair{{types=[] flags=0x0] notFlags=0x0 checks=[{atype=dream independent=true modes=[OPEN,TO_FRONT] flags=NONE mustBeTask=false order=ANY topActivity=null launchCookie=null windowingMode=undefined},{atype=home independent=true modes=[CLOSE,TO_BACK] flags=NONE mustBeTask=false order=ANY topActivity=null launchCookie=null windowingMode=undefined}]} RemoteTransition { remoteTransition = android.window.IRemoteTransition$Stub$Proxy@315cb11, appThread = android.app.IApplicationThread$Stub$Proxy@44cd476, debugName = LauncherToDream }}
2026-01-25 17:01:14.130  2829-2869  WindowManagerShell      com.android.systemui                 V   Checking filter Pair{{types=[] flags=0x0] notFlags=0x100 checks=[{atype=home independent=true modes=[OPEN,TO_FRONT] flags=NONE mustBeTask=false order=TOP topActivity=ComponentInfo{com.google.android.apps.nexuslauncher/com.google.android.apps.nexuslauncher.NexusLauncherActivity} launchCookie=null windowingMode=undefined},{atype=standard independent=true modes=[CLOSE,TO_BACK] flags=NONE mustBeTask=false order=ANY topActivity=null launchCookie=null windowingMode=undefined},{NOT atype=undefined independent=true modes=[] flags=NONE mustBeTask=true order=ANY topActivity=null launchCookie=null customAnim=true windowingMode=undefined}]} RemoteTransition { remoteTransition = android.window.IRemoteTransition$Stub$Proxy@6b69a77, appThread = android.app.IApplicationThread$Stub$Proxy@dda36e4, debugName = QuickstepLaunchHome }}
2026-01-25 17:01:14.130  2829-2869  RemoteTransitionHandler com.android.systemui                 D  Found filterPair{{types=[] flags=0x0] notFlags=0x100 checks=[{atype=home independent=true modes=[OPEN,TO_FRONT] flags=NONE mustBeTask=false order=TOP topActivity=ComponentInfo{com.google.android.apps.nexuslauncher/com.google.android.apps.nexuslauncher.NexusLauncherActivity} launchCookie=null windowingMode=undefined},{atype=standard independent=true modes=[CLOSE,TO_BACK] flags=NONE mustBeTask=false order=ANY topActivity=null launchCookie=null windowingMode=undefined},{NOT atype=undefined independent=true modes=[] flags=NONE mustBeTask=true order=ANY topActivity=null launchCookie=null customAnim=true windowingMode=undefined}]} RemoteTransition { remoteTransition = android.window.IRemoteTransition$Stub$Proxy@6b69a77, appThread = android.app.IApplicationThread$Stub$Proxy@dda36e4, debugName = QuickstepLaunchHome }}
2026-01-25 17:01:14.130  2829-2869  WindowManagerShell      com.android.systemui                 V   Delegate animation for (#44671) to RemoteTransition { remoteTransition = android.window.IRemoteTransition$Stub$Proxy@6b69a77, appThread = android.app.IApplicationThread$Stub$Proxy@dda36e4, debugName = QuickstepLaunchHome }
2026-01-25 17:01:14.132  1668-1788  WindowManager           system_server                        V  Sent Transition (#44671) createdAt=01-25 17:01:14.049 via request=TransitionRequestInfo { type = CLOSE, triggerTask = TaskInfo{userId=0 taskId=15475 effectiveUid=10494 displayId=0 isRunning=true baseIntent=Intent { act=android.intent.action.MAIN cat=[android.intent.category.LAUNCHER] flg=0x10200000 cmp=com.example.kaosseffect/.MainActivity } baseActivity=ComponentInfo{com.example.kaosseffect/com.example.kaosseffect.MainActivity} topActivity=ComponentInfo{com.example.kaosseffect/com.example.kaosseffect.MainActivity} origActivity=null realActivity=ComponentInfo{com.example.kaosseffect/com.example.kaosseffect.MainActivity} numActivities=1 lastActiveTime=4342963963 supportsMultiWindow=true resizeMode=1 isResizeable=true minWidth=-1 minHeight=-1 defaultMinSize=220 token=WCT{RemoteToken{1f620f9 Task{32c7b8d #15475 type=standard A=10494:com.example.kaosseffect}}} topActivityType=1 pictureInPictureParams=null shouldDockBigOverlays=false launchIntoPipHostTaskId=-1 lastParentTaskIdBeforePip=-1 displayCutoutSafeInsets=Rect(0, 0 - 0, 0) topActivityInfo=ActivityInfo{d6e183e com.example.kaosseffect.MainActivity} launchCookies=[android.os.BinderProxy@137669f] positionInParent=Point(0, 0) parentTaskId=-1 isFocused=true isVisible=true isVisibleRequested=true isTopActivityNoDisplay=false isSleeping=false locusId=null displayAreaFeatureId=1 isTopActivityTransparent=false isActivityStackTransparent=false lastNonFullscreenBounds=Rect(266, 695 - 814, 1775) capturedLink=null capturedLinkTimestamp=0 requestedVisibleTypes=-9 topActivityRequestOpenInBrowserEducationTimestamp=0 appCompatTaskInfo=AppCompatTaskInfo { topActivityInSizeCompat=false eligibleForLetterboxEducation= false isLetterboxEducationEnabled= false isLetterboxDoubleTapEnabled= false eligibleForUserAspectRatioButton= false topActivityBoundsLetterboxed= false isFromLetterboxDoubleTap= false topActivityLetterboxVerticalPosition= -1 topActivityLetterboxHorizontalPosition= -1 topActivityLetterboxWidth=-1 topActivityLetterboxHeight=-1 topActivityAppBounds=Rect(0, 173 - 1080, 2298) isUserFullscreenOverrideEnabled=false isSystemFullscreenOverrideEnabled=false hasMinAspectRatioOverride=false topActivityLetterboxBounds=null cameraCompatTaskInfo=CameraCompatTaskInfo { freeformCameraCompatMode=inactiveundefined} topNonResizableActivityAspectRatio=-1.0} topActivityMainWindowFrame=null isAppBubble=false}, pipChange = null, remoteTransition = null, displayChange = null, flags = 16, debugId = 44671 }
2026-01-25 17:01:14.132  1668-1788  WindowManager           system_server                        V      startWCT=WindowContainerTransaction { changes= {} hops= [] errorCallbackToken=null taskFragmentOrganizer=null }
2026-01-25 17:01:14.132  1668-1788  WindowManager           system_server                        V      info={id=44671 t=CLOSE f=0x10 trk=0 r=[0@Point(0, 0)] c=[
                                                                                                            {WCT{RemoteToken{1e0c3ce Task{71e27b2 #1 type=home}}} m=TO_FRONT f=SHOW_WALLPAPER|MOVE_TO_TOP leash=Surface(name=Task=1)/@0xeb54b0e sb=Rect(0, 0 - 1080, 2424) eb=Rect(0, 0 - 1080, 2424) epz=Point(1080, 2424) d=0 taskParent=-1 winMode=1},
                                                                                                            {WCT{RemoteToken{1f620f9 Task{32c7b8d #15475 type=standard A=10494:com.example.kaosseffect}}} m=CLOSE f=NONE leash=Surface(name=Task=15475)/@0x90061fd sb=Rect(0, 0 - 1080, 2424) eb=Rect(0, 0 - 1080, 2424) epz=Point(1080, 2424) d=0 taskParent=-1 winMode=1},
                                                                                                            {m=TO_FRONT f=IS_WALLPAPER leash=Surface(name=WallpaperWindowToken{fc6d111})/@0xa755e10 sb=Rect(0, 0 - 1080, 2424) eb=Rect(0, 0 - 1080, 2424) epz=Point(1080, 2424) d=0}
                                                                                                        ]}
2026-01-25 17:01:14.133  2829-2869  WindowManagerShell      com.android.systemui                 V   animated by com.android.wm.shell.transition.RemoteTransitionHandler@d56301b
2026-01-25 17:01:14.133  2829-2869  Bubbles                 com.android.systemui                 D  onLocusVisibilityChanged=Overview|DISABLED visible=true taskId=1
2026-01-25 17:01:14.136  1668-1791  libbinder....hreadState system_server                        W  Sending oneway calls to frozen process.
2026-01-25 17:01:14.136  1668-1791  libbinder....hreadState system_server                        W  Sending oneway calls to frozen process.
2026-01-25 17:01:14.136  1668-1791  libbinder....hreadState system_server                        W  Sending oneway calls to frozen process.
2026-01-25 17:01:14.136  1668-1791  libbinder....hreadState system_server                        W  Sending oneway calls to frozen process.
2026-01-25 17:01:14.136  1668-1791  libbinder....hreadState system_server                        W  Sending oneway calls to frozen process.
2026-01-25 17:01:14.137  1668-1791  libbinder....hreadState system_server                        W  Sending oneway calls to frozen process.
2026-01-25 17:01:14.137  1668-1791  libbinder....hreadState system_server                        W  Sending oneway calls to frozen process.
2026-01-25 17:01:14.137  1668-1791  libbinder....hreadState system_server                        W  Sending oneway calls to frozen process.
2026-01-25 17:01:14.137  1668-1791  libbinder....hreadState system_server                        W  Sending oneway calls to frozen process.
